// Vitest Snapshot v1, https://vitest.dev/guide/snapshot.html

exports[`DOMException > crossSerialize > scoped > supports DOMException 1`] = `"($R=>$R[0]=new DOMException("This is an example message.","Example"))($R["example"])"`;

exports[`DOMException > crossSerialize > supports DOMException 1`] = `"$R[0]=new DOMException("This is an example message.","Example")"`;

exports[`DOMException > crossSerializeAsync > scoped > supports DOMException 1`] = `"($R=>$R[0]=Promise.resolve($R[1]=new DOMException("This is an example message.","Example")))($R["example"])"`;

exports[`DOMException > crossSerializeAsync > supports DOMException 1`] = `"$R[0]=Promise.resolve($R[1]=new DOMException("This is an example message.","Example"))"`;

exports[`DOMException > crossSerializeStream > scoped > supports DOMException 1`] = `"($R=>$R[0]=($R[1]=(s,f,p)=>((p=new Promise((a,b)=>{s=a,f=b})).s=s,p.f=f,p))())($R["example"])"`;

exports[`DOMException > crossSerializeStream > scoped > supports DOMException 2`] = `"($R=>($R[3]=(p,d)=>{p.s(d),p.status="success",p.value=d;delete p.s;delete p.f})($R[0],$R[2]=new DOMException("This is an example message.","Example")))($R["example"])"`;

exports[`DOMException > crossSerializeStream > supports DOMException 1`] = `"$R[0]=($R[1]=(s,f,p)=>((p=new Promise((a,b)=>{s=a,f=b})).s=s,p.f=f,p))()"`;

exports[`DOMException > crossSerializeStream > supports DOMException 2`] = `"($R[3]=(p,d)=>{p.s(d),p.status="success",p.value=d;delete p.s;delete p.f})($R[0],$R[2]=new DOMException("This is an example message.","Example"))"`;

exports[`DOMException > serialize > supports DOMException 1`] = `"new DOMException("This is an example message.","Example")"`;

exports[`DOMException > serializeAsync > supports DOMException 1`] = `"Promise.resolve(new DOMException("This is an example message.","Example"))"`;

exports[`DOMException > toCrossJSON > supports DOMException 1`] = `"{"t":25,"i":0,"s":{"name":{"t":1,"s":"Example"},"message":{"t":1,"s":"This is an example message."}},"c":"seroval-plugins/web/DOMException"}"`;

exports[`DOMException > toCrossJSONAsync > supports DOMException 1`] = `"{"t":12,"i":0,"s":1,"f":{"t":25,"i":1,"s":{"name":{"t":1,"s":"Example"},"message":{"t":1,"s":"This is an example message."}},"c":"seroval-plugins/web/DOMException"}}"`;

exports[`DOMException > toCrossJSONStream > supports DOMException 1`] = `"{"t":22,"i":0,"f":{"t":26,"i":1,"s":1}}"`;

exports[`DOMException > toCrossJSONStream > supports DOMException 2`] = `"{"t":23,"i":0,"a":[{"t":26,"i":3,"s":2},{"t":25,"i":2,"s":{"name":{"t":1,"s":"Example"},"message":{"t":1,"s":"This is an example message."}},"c":"seroval-plugins/web/DOMException"}]}"`;

exports[`DOMException > toJSON > supports DOMException 1`] = `"{"t":{"t":25,"i":0,"s":{"name":{"t":1,"s":"Example"},"message":{"t":1,"s":"This is an example message."}},"c":"seroval-plugins/web/DOMException"},"f":47,"m":[]}"`;

exports[`DOMException > toJSONAsync > supports DOMException 1`] = `"{"t":{"t":12,"i":0,"s":1,"f":{"t":25,"i":1,"s":{"name":{"t":1,"s":"Example"},"message":{"t":1,"s":"This is an example message."}},"c":"seroval-plugins/web/DOMException"}},"f":47,"m":[]}"`;
