// Vitest Snapshot v1, https://vitest.dev/guide/snapshot.html

exports[`Event > crossSerialize > scoped > supports Event 1`] = `"($R=>$R[0]=new Event("example",$R[1]={bubbles:!1,cancelable:!1,composed:!1}))($R["example"])"`;

exports[`Event > crossSerialize > supports Event 1`] = `"$R[0]=new Event("example",$R[1]={bubbles:!1,cancelable:!1,composed:!1})"`;

exports[`Event > crossSerializeAsync > scoped > supports Event 1`] = `"($R=>$R[0]=Promise.resolve($R[1]=new Event("example",$R[2]={bubbles:!1,cancelable:!1,composed:!1})))($R["example"])"`;

exports[`Event > crossSerializeAsync > supports Event 1`] = `"$R[0]=Promise.resolve($R[1]=new Event("example",$R[2]={bubbles:!1,cancelable:!1,composed:!1}))"`;

exports[`Event > crossSerializeStream > scoped > supports Event 1`] = `"($R=>$R[0]=($R[1]=(s,f,p)=>((p=new Promise((a,b)=>{s=a,f=b})).s=s,p.f=f,p))())($R["example"])"`;

exports[`Event > crossSerializeStream > scoped > supports Event 2`] = `"($R=>($R[4]=(p,d)=>{p.s(d),p.status="success",p.value=d;delete p.s;delete p.f})($R[0],$R[2]=new Event("example",$R[3]={bubbles:!1,cancelable:!1,composed:!1})))($R["example"])"`;

exports[`Event > crossSerializeStream > supports Event 1`] = `"$R[0]=($R[1]=(s,f,p)=>((p=new Promise((a,b)=>{s=a,f=b})).s=s,p.f=f,p))()"`;

exports[`Event > crossSerializeStream > supports Event 2`] = `"($R[4]=(p,d)=>{p.s(d),p.status="success",p.value=d;delete p.s;delete p.f})($R[0],$R[2]=new Event("example",$R[3]={bubbles:!1,cancelable:!1,composed:!1}))"`;

exports[`Event > serialize > supports Event 1`] = `"new Event("example",{bubbles:!1,cancelable:!1,composed:!1})"`;

exports[`Event > serializeAsync > supports Event 1`] = `"Promise.resolve(new Event("example",{bubbles:!1,cancelable:!1,composed:!1}))"`;

exports[`Event > toCrossJSON > supports Event 1`] = `"{"t":40,"i":0,"s":{"type":{"t":1,"s":"example"},"options":{"t":10,"i":1,"p":{"k":["bubbles","cancelable","composed"],"v":[{"t":2,"s":3},{"t":2,"s":3},{"t":2,"s":3}],"s":3},"o":0}},"c":"seroval-plugins/web/Event"}"`;

exports[`Event > toCrossJSONAsync > supports Event 1`] = `"{"t":12,"i":0,"s":1,"f":{"t":40,"i":1,"s":{"type":{"t":1,"s":"example"},"options":{"t":10,"i":2,"p":{"k":["bubbles","cancelable","composed"],"v":[{"t":2,"s":3},{"t":2,"s":3},{"t":2,"s":3}],"s":3},"o":0}},"c":"seroval-plugins/web/Event"}}"`;

exports[`Event > toCrossJSONStream > supports Event 1`] = `"{"t":28,"i":0,"f":{"t":41,"i":1,"s":2}}"`;

exports[`Event > toCrossJSONStream > supports Event 2`] = `"{"t":29,"i":0,"a":[{"t":41,"i":4,"s":3},{"t":40,"i":2,"s":{"type":{"t":1,"s":"example"},"options":{"t":10,"i":3,"p":{"k":["bubbles","cancelable","composed"],"v":[{"t":2,"s":3},{"t":2,"s":3},{"t":2,"s":3}],"s":3},"o":0}},"c":"seroval-plugins/web/Event"}]}"`;

exports[`Event > toJSON > supports Event 1`] = `"{"t":{"t":40,"i":0,"s":{"type":{"t":1,"s":"example"},"options":{"t":10,"i":1,"p":{"k":["bubbles","cancelable","composed"],"v":[{"t":2,"s":3},{"t":2,"s":3},{"t":2,"s":3}],"s":3},"o":0}},"c":"seroval-plugins/web/Event"},"f":16383,"m":[]}"`;

exports[`Event > toJSONAsync > supports Event 1`] = `"{"t":{"t":12,"i":0,"s":1,"f":{"t":40,"i":1,"s":{"type":{"t":1,"s":"example"},"options":{"t":10,"i":2,"p":{"k":["bubbles","cancelable","composed"],"v":[{"t":2,"s":3},{"t":2,"s":3},{"t":2,"s":3}],"s":3},"o":0}},"c":"seroval-plugins/web/Event"}},"f":16383,"m":[]}"`;
