// Vitest Snapshot v1, https://vitest.dev/guide/snapshot.html

exports[`Response > crossSerializeAsync > scoped > supports Response 1`] = `"($R=>$R[0]=new Response($R[1]=new Uint8Array([72,101,108,108,111,32,87,111,114,108,100,33]).buffer,$R[2]={headers:$R[3]=Object.assign(Object.create(null),{[$R[4]=Symbol.iterator]:($R[5]=s=>(i,c,d,t)=>(i=0,t={[$R[4]]:()=>t,next:()=>{if(i>s.d)return{done:!0,value:void 0};c=i++,d=s.v[c];if(c===s.t)throw d;return{done:c===s.d,value:d}}}))($R[6]={v:$R[7]=[$R[8]=["content-type","text/plain;charset=UTF-8"],void 0],t:-1,d:1}),[$R[9]=Symbol.toStringTag]:"Headers"}),status:200,statusText:""}))($R["example"])"`;

exports[`Response > crossSerializeAsync > supports Response 1`] = `"$R[0]=new Response($R[1]=new Uint8Array([72,101,108,108,111,32,87,111,114,108,100,33]).buffer,$R[2]={headers:$R[3]=Object.assign(Object.create(null),{[$R[4]=Symbol.iterator]:($R[5]=s=>(i,c,d,t)=>(i=0,t={[$R[4]]:()=>t,next:()=>{if(i>s.d)return{done:!0,value:void 0};c=i++,d=s.v[c];if(c===s.t)throw d;return{done:c===s.d,value:d}}}))($R[6]={v:$R[7]=[$R[8]=["content-type","text/plain;charset=UTF-8"],void 0],t:-1,d:1}),[$R[9]=Symbol.toStringTag]:"Headers"}),status:200,statusText:""})"`;

exports[`Response > crossSerializeStream > scoped > supports Response 1`] = `"($R=>$R[0]=new Response($R[1]=($R[2]=d=>new ReadableStream({start:c=>{d.on({next:v=>{c.enqueue(v)},throw:v=>{c.error(v)},return:()=>{c.close()}})}}))($R[3]=($R[4]=(b,a,s,l,p,f,e,n)=>(b=[],a=!0,s=!1,l=[],s=0,f=(v,m,x)=>{for(x=0;x<s;x++)l[x]&&l[x][m](v)},n=(o,x,z,c)=>{for(x=0,z=b.length;x<z;x++)(c=b[x],x===z-1?o[s?"return":"throw"](c):o.next(c))},e=(o,t)=>(a&&(l[t=p++]=o),n(o),()=>{a&&(l[t]=void 0)}),{__SEROVAL_STREAM__:!0,on:o=>e(o),next:v=>{a&&(b.push(v),f(v,"next"))},throw:v=>{a&&(b.push(v),f(v,"throw"),a=s=!1,l.length=0)},return:v=>{a&&(b.push(v),f(v,"return"),a=!1,s=!0,l.length=0)}}))()),$R[5]={headers:$R[6]=Object.assign(Object.create(null),{[$R[7]=Symbol.iterator]:($R[8]=s=>(i,c,d,t)=>(i=0,t={[$R[7]]:()=>t,next:()=>{if(i>s.d)return{done:!0,value:void 0};c=i++,d=s.v[c];if(c===s.t)throw d;return{done:c===s.d,value:d}}}))($R[9]={v:$R[10]=[$R[11]=["content-type","text/plain;charset=UTF-8"],void 0],t:-1,d:1}),[$R[12]=Symbol.toStringTag]:"Headers"}),status:200,statusText:""}))($R["example"])"`;

exports[`Response > crossSerializeStream > scoped > supports Response 2`] = `"($R=>$R[3].next($R[13]=new Uint8Array($R[14]=new Uint8Array([72,101,108,108,111,32,87,111,114,108,100,33]).buffer,0,12)))($R["example"])"`;

exports[`Response > crossSerializeStream > scoped > supports Response 3`] = `"($R=>$R[3].return(void 0))($R["example"])"`;

exports[`Response > crossSerializeStream > supports Response 1`] = `"$R[0]=new Response($R[1]=($R[2]=d=>new ReadableStream({start:c=>{d.on({next:v=>{c.enqueue(v)},throw:v=>{c.error(v)},return:()=>{c.close()}})}}))($R[3]=($R[4]=(b,a,s,l,p,f,e,n)=>(b=[],a=!0,s=!1,l=[],s=0,f=(v,m,x)=>{for(x=0;x<s;x++)l[x]&&l[x][m](v)},n=(o,x,z,c)=>{for(x=0,z=b.length;x<z;x++)(c=b[x],x===z-1?o[s?"return":"throw"](c):o.next(c))},e=(o,t)=>(a&&(l[t=p++]=o),n(o),()=>{a&&(l[t]=void 0)}),{__SEROVAL_STREAM__:!0,on:o=>e(o),next:v=>{a&&(b.push(v),f(v,"next"))},throw:v=>{a&&(b.push(v),f(v,"throw"),a=s=!1,l.length=0)},return:v=>{a&&(b.push(v),f(v,"return"),a=!1,s=!0,l.length=0)}}))()),$R[5]={headers:$R[6]=Object.assign(Object.create(null),{[$R[7]=Symbol.iterator]:($R[8]=s=>(i,c,d,t)=>(i=0,t={[$R[7]]:()=>t,next:()=>{if(i>s.d)return{done:!0,value:void 0};c=i++,d=s.v[c];if(c===s.t)throw d;return{done:c===s.d,value:d}}}))($R[9]={v:$R[10]=[$R[11]=["content-type","text/plain;charset=UTF-8"],void 0],t:-1,d:1}),[$R[12]=Symbol.toStringTag]:"Headers"}),status:200,statusText:""})"`;

exports[`Response > crossSerializeStream > supports Response 2`] = `"$R[3].next($R[13]=new Uint8Array($R[14]=new Uint8Array([72,101,108,108,111,32,87,111,114,108,100,33]).buffer,0,12))"`;

exports[`Response > crossSerializeStream > supports Response 3`] = `"$R[3].return(void 0)"`;

exports[`Response > serializeAsync > supports Response 1`] = `"((h,j)=>(new Response(new Uint8Array([72,101,108,108,111,32,87,111,114,108,100,33]).buffer,{headers:Object.assign(Object.create(null),{[h=Symbol.iterator]:(s=>(i,c,d,t)=>(i=0,t={[h]:()=>t,next:()=>{if(i>s.d)return{done:!0,value:void 0};c=i++,d=s.v[c];if(c===s.t)throw d;return{done:c===s.d,value:d}}}))({v:[["content-type","text/plain;charset=UTF-8"],void 0],t:-1,d:1}),[Symbol.toStringTag]:"Headers"}),status:200,statusText:""})))()"`;

exports[`Response > toCrossJSONStream > supports Response 1`] = `"{"t":25,"i":0,"s":{"body":{"t":25,"i":1,"s":{"factory":{"t":25,"i":2,"c":"seroval-plugins/web/ReadableStreamFactory"},"stream":{"t":31,"i":3,"a":[],"f":{"t":26,"i":4,"s":4}}},"c":"seroval/plugins/web/ReadableStream"},"options":{"t":10,"i":5,"p":{"k":["headers","status","statusText"],"v":[{"t":11,"i":6,"p":{"k":[{"t":17,"i":7,"s":3},{"t":17,"i":12,"s":11}],"v":[{"t":28,"a":[{"t":27,"i":8,"f":{"t":4,"i":7}},{"t":10,"i":9,"p":{"k":["v","t","d"],"v":[{"t":9,"i":10,"l":2,"a":[{"t":9,"i":11,"l":2,"a":[{"t":1,"s":"content-type"},{"t":1,"s":"text/plain;charset=UTF-8"}],"o":0},{"t":2,"s":1}],"o":0},{"t":0,"s":-1},{"t":0,"s":1}],"s":3},"o":0}]},{"t":1,"s":"Headers"}],"s":2},"o":0},{"t":0,"s":200},{"t":1,"s":""}],"s":3},"o":0}},"c":"seroval-plugins/web/Response"}"`;

exports[`Response > toCrossJSONStream > supports Response 2`] = `"{"t":32,"i":3,"f":{"t":15,"i":13,"l":12,"c":"Uint8Array","f":{"t":19,"i":14,"s":[72,101,108,108,111,32,87,111,114,108,100,33]},"b":0}}"`;

exports[`Response > toCrossJSONStream > supports Response 3`] = `"{"t":34,"i":3,"f":{"t":2,"s":1}}"`;

exports[`Response > toJSONAsync > supports Response 1`] = `"{"t":{"t":25,"i":0,"s":{"body":{"t":19,"i":1,"s":[72,101,108,108,111,32,87,111,114,108,100,33]},"options":{"t":10,"i":2,"p":{"k":["headers","status","statusText"],"v":[{"t":11,"i":3,"p":{"k":[{"t":17,"i":4,"s":3},{"t":17,"i":9,"s":11}],"v":[{"t":28,"a":[{"t":27,"i":5,"f":{"t":4,"i":4}},{"t":10,"i":6,"p":{"k":["v","t","d"],"v":[{"t":9,"i":7,"l":2,"a":[{"t":9,"i":8,"l":2,"a":[{"t":1,"s":"content-type"},{"t":1,"s":"text/plain;charset=UTF-8"}],"o":0},{"t":2,"s":1}],"o":0},{"t":0,"s":-1},{"t":0,"s":1}],"s":3},"o":0}]},{"t":1,"s":"Headers"}],"s":2},"o":0},{"t":0,"s":200},{"t":1,"s":""}],"s":3},"o":0}},"c":"seroval-plugins/web/Response"},"f":31,"m":[4]}"`;

exports[`Response > toJSONAsync > supports Response 2`] = `"{"t":25,"i":0,"s":{"body":{"t":19,"i":1,"s":[72,101,108,108,111,32,87,111,114,108,100,33]},"options":{"t":10,"i":2,"p":{"k":["headers","status","statusText"],"v":[{"t":11,"i":3,"p":{"k":[{"t":17,"i":4,"s":3},{"t":17,"i":9,"s":11}],"v":[{"t":28,"a":[{"t":27,"i":5,"f":{"t":4,"i":4}},{"t":10,"i":6,"p":{"k":["v","t","d"],"v":[{"t":9,"i":7,"l":2,"a":[{"t":9,"i":8,"l":2,"a":[{"t":1,"s":"content-type"},{"t":1,"s":"text/plain;charset=UTF-8"}],"o":0},{"t":2,"s":1}],"o":0},{"t":0,"s":-1},{"t":0,"s":1}],"s":3},"o":0}]},{"t":1,"s":"Headers"}],"s":2},"o":0},{"t":0,"s":200},{"t":1,"s":""}],"s":3},"o":0}},"c":"seroval-plugins/web/Response"}"`;
