// Vitest Snapshot v1, https://vitest.dev/guide/snapshot.html

exports[`File > crossSerializeAsync > scoped > supports File 1`] = `"((self.$R=self.$R||{})[\\"example\\"]=[],($R=>$R[0]=new File([$R[1]=new Uint8Array([72,101,108,108,111,32,87,111,114,108,100]).buffer],\\"hello.txt\\",{type:\\"text/plain\\",lastModified:1681027542680}))($R[\\"example\\"]))"`;

exports[`File > crossSerializeAsync > supports File 1`] = `"(self.$R=self.$R||[],$R[0]=new File([$R[1]=new Uint8Array([72,101,108,108,111,32,87,111,114,108,100]).buffer],\\"hello.txt\\",{type:\\"text/plain\\",lastModified:1681027542680}))"`;

exports[`File > serializeAsync > supports File 1`] = `"new File([new Uint8Array([72,101,108,108,111,32,87,111,114,108,100]).buffer],\\"hello.txt\\",{type:\\"text/plain\\",lastModified:1681027542680})"`;

exports[`File > toCrossJSONAsync > supports File 1`] = `"{\\"t\\":24,\\"i\\":0,\\"c\\":\\"text/plain\\",\\"m\\":\\"hello.txt\\",\\"f\\":{\\"t\\":21,\\"i\\":1,\\"s\\":[72,101,108,108,111,32,87,111,114,108,100]},\\"b\\":1681027542680}"`;

exports[`File > toJSONAsync > supports File 1`] = `"{\\"t\\":{\\"t\\":24,\\"i\\":0,\\"c\\":\\"text/plain\\",\\"m\\":\\"hello.txt\\",\\"f\\":{\\"t\\":21,\\"i\\":1,\\"s\\":[72,101,108,108,111,32,87,111,114,108,100]},\\"b\\":1681027542680},\\"f\\":16383,\\"m\\":[]}"`;
