// Vitest Snapshot v1, https://vitest.dev/guide/snapshot.html

exports[`Headers > crossSerialize > scoped > supports Headers 1`] = `"((self.$R=self.$R||{})[\\"example\\"]=[],($R=>$R[0]=new Headers({\\"content-encoding\\":\\"gzip\\",\\"content-type\\":\\"text/plain\\"}))($R[\\"example\\"]))"`;

exports[`Headers > crossSerialize > supports Headers 1`] = `"(self.$R=self.$R||[],$R[0]=new Headers({\\"content-encoding\\":\\"gzip\\",\\"content-type\\":\\"text/plain\\"}))"`;

exports[`Headers > crossSerializeAsync > scoped > supports Headers 1`] = `"((self.$R=self.$R||{})[\\"example\\"]=[],($R=>$R[0]=Promise.resolve($R[1]=new Headers({\\"content-encoding\\":\\"gzip\\",\\"content-type\\":\\"text/plain\\"})))($R[\\"example\\"]))"`;

exports[`Headers > crossSerializeAsync > supports Headers 1`] = `"(self.$R=self.$R||[],$R[0]=Promise.resolve($R[1]=new Headers({\\"content-encoding\\":\\"gzip\\",\\"content-type\\":\\"text/plain\\"})))"`;

exports[`Headers > crossSerializeStream > scoped > supports Headers 1`] = `"((self.$R=self.$R||{})[\\"example\\"]=[],($R=>$R[0]=($R[1]=(s,f,p)=>((p=new Promise((a,b)=>{s=a,f=b})).s=s,p.f=f,p))())($R[\\"example\\"]))"`;

exports[`Headers > crossSerializeStream > scoped > supports Headers 2`] = `"($R=>($R[3]=(p,d)=>{p.s(d),p.status=\\"success\\",p.value=d;delete p.s;delete p.f})($R[0],$R[2]=new Headers({\\"content-encoding\\":\\"gzip\\",\\"content-type\\":\\"text/plain\\"})))($R[\\"example\\"])"`;

exports[`Headers > crossSerializeStream > supports Headers 1`] = `"(self.$R=self.$R||[],$R[0]=($R[1]=(s,f,p)=>((p=new Promise((a,b)=>{s=a,f=b})).s=s,p.f=f,p))())"`;

exports[`Headers > crossSerializeStream > supports Headers 2`] = `"($R[3]=(p,d)=>{p.s(d),p.status=\\"success\\",p.value=d;delete p.s;delete p.f})($R[0],$R[2]=new Headers({\\"content-encoding\\":\\"gzip\\",\\"content-type\\":\\"text/plain\\"}))"`;

exports[`Headers > serialize > supports Headers 1`] = `"new Headers({\\"content-encoding\\":\\"gzip\\",\\"content-type\\":\\"text/plain\\"})"`;

exports[`Headers > serializeAsync > supports Headers 1`] = `"Promise.resolve(new Headers({\\"content-encoding\\":\\"gzip\\",\\"content-type\\":\\"text/plain\\"}))"`;

exports[`Headers > toCrossJSON > supports Headers 1`] = `"{\\"t\\":25,\\"i\\":0,\\"e\\":{\\"k\\":[\\"content-encoding\\",\\"content-type\\"],\\"v\\":[{\\"t\\":1,\\"s\\":\\"gzip\\"},{\\"t\\":1,\\"s\\":\\"text/plain\\"}],\\"s\\":2}}"`;

exports[`Headers > toCrossJSONAsync > supports Headers 1`] = `"{\\"t\\":12,\\"i\\":0,\\"s\\":1,\\"f\\":{\\"t\\":25,\\"i\\":1,\\"e\\":{\\"k\\":[\\"content-encoding\\",\\"content-type\\"],\\"v\\":[{\\"t\\":1,\\"s\\":\\"gzip\\"},{\\"t\\":1,\\"s\\":\\"text/plain\\"}],\\"s\\":2}}}"`;

exports[`Headers > toCrossJSONStream > supports Headers 1`] = `"{\\"t\\":28,\\"i\\":0,\\"f\\":{\\"t\\":41,\\"i\\":1,\\"s\\":2}}"`;

exports[`Headers > toCrossJSONStream > supports Headers 2`] = `"{\\"t\\":29,\\"i\\":0,\\"a\\":[{\\"t\\":41,\\"i\\":3,\\"s\\":3},{\\"t\\":25,\\"i\\":2,\\"e\\":{\\"k\\":[\\"content-encoding\\",\\"content-type\\"],\\"v\\":[{\\"t\\":1,\\"s\\":\\"gzip\\"},{\\"t\\":1,\\"s\\":\\"text/plain\\"}],\\"s\\":2}}]}"`;

exports[`Headers > toJSON > supports Headers 1`] = `"{\\"t\\":{\\"t\\":25,\\"i\\":0,\\"e\\":{\\"k\\":[\\"content-encoding\\",\\"content-type\\"],\\"v\\":[{\\"t\\":1,\\"s\\":\\"gzip\\"},{\\"t\\":1,\\"s\\":\\"text/plain\\"}],\\"s\\":2}},\\"f\\":16383,\\"m\\":[]}"`;

exports[`Headers > toJSONAsync > supports Headers 1`] = `"{\\"t\\":{\\"t\\":12,\\"i\\":0,\\"s\\":1,\\"f\\":{\\"t\\":25,\\"i\\":1,\\"e\\":{\\"k\\":[\\"content-encoding\\",\\"content-type\\"],\\"v\\":[{\\"t\\":1,\\"s\\":\\"gzip\\"},{\\"t\\":1,\\"s\\":\\"text/plain\\"}],\\"s\\":2}}},\\"f\\":16383,\\"m\\":[]}"`;
