// Vitest Snapshot v1, https://vitest.dev/guide/snapshot.html

exports[`Request > crossSerializeAsync > scoped > supports Blob 1`] = `"($R=>$R[0]=new Request(\\"http://localhost:3000/\\",$R[1]={body:$R[2]=new Uint8Array([72,101,108,108,111,32,87,111,114,108,100,33]).buffer,cache:\\"default\\",credentials:\\"same-origin\\",headers:$R[3]=new Headers({\\"content-type\\":\\"text/plain;charset=UTF-8\\"}),integrity:\\"\\",keepalive:!1,method:\\"POST\\",mode:\\"cors\\",redirect:\\"follow\\",referrer:\\"about:client\\",referrerPolicy:\\"\\"}))($R[\\"example\\"])"`;

exports[`Request > crossSerializeAsync > supports Blob 1`] = `"$R[0]=new Request(\\"http://localhost:3000/\\",$R[1]={body:$R[2]=new Uint8Array([72,101,108,108,111,32,87,111,114,108,100,33]).buffer,cache:\\"default\\",credentials:\\"same-origin\\",headers:$R[3]=new Headers({\\"content-type\\":\\"text/plain;charset=UTF-8\\"}),integrity:\\"\\",keepalive:!1,method:\\"POST\\",mode:\\"cors\\",redirect:\\"follow\\",referrer:\\"about:client\\",referrerPolicy:\\"\\"})"`;

exports[`Request > crossSerializeStream > scoped > supports Request 1`] = `"($R=>$R[0]=new Request(\\"http://localhost:3000/\\",$R[1]={body:$R[2]=_$.S(),cache:\\"default\\",credentials:\\"same-origin\\",headers:$R[3]=new Headers({\\"content-type\\":\\"text/plain;charset=UTF-8\\"}),integrity:\\"\\",keepalive:!1,method:\\"POST\\",mode:\\"cors\\",redirect:\\"follow\\",referrer:\\"about:client\\",referrerPolicy:\\"\\"}))($R[\\"example\\"])"`;

exports[`Request > crossSerializeStream > scoped > supports Request 2`] = `"($R=>_$.Se($R[2],$R[4]=new Uint8Array($R[5]=new Uint8Array([72,101,108,108,111,32,87,111,114,108,100,33]).buffer,0,12)))($R[\\"example\\"])"`;

exports[`Request > crossSerializeStream > scoped > supports Request 3`] = `"($R=>_$.Sc($R[2]))($R[\\"example\\"])"`;

exports[`Request > crossSerializeStream > supports Request 1`] = `"$R[0]=new Request(\\"http://localhost:3000/\\",$R[1]={body:$R[2]=_$.S(),cache:\\"default\\",credentials:\\"same-origin\\",headers:$R[3]=new Headers({\\"content-type\\":\\"text/plain;charset=UTF-8\\"}),integrity:\\"\\",keepalive:!1,method:\\"POST\\",mode:\\"cors\\",redirect:\\"follow\\",referrer:\\"about:client\\",referrerPolicy:\\"\\"})"`;

exports[`Request > crossSerializeStream > supports Request 2`] = `"_$.Se($R[2],$R[4]=new Uint8Array($R[5]=new Uint8Array([72,101,108,108,111,32,87,111,114,108,100,33]).buffer,0,12))"`;

exports[`Request > crossSerializeStream > supports Request 3`] = `"_$.Sc($R[2])"`;

exports[`Request > serializeAsync > supports Request 1`] = `"new Request(\\"http://localhost:3000/\\",{body:new Uint8Array([72,101,108,108,111,32,87,111,114,108,100,33]).buffer,cache:\\"default\\",credentials:\\"same-origin\\",headers:new Headers({\\"content-type\\":\\"text/plain;charset=UTF-8\\"}),integrity:\\"\\",keepalive:!1,method:\\"POST\\",mode:\\"cors\\",redirect:\\"follow\\",referrer:\\"about:client\\",referrerPolicy:\\"\\"})"`;

exports[`Request > toJSONAsync > supports Request 1`] = `"{\\"t\\":{\\"t\\":35,\\"i\\":0,\\"s\\":\\"http://localhost:3000/\\",\\"f\\":{\\"t\\":10,\\"i\\":1,\\"p\\":{\\"k\\":[\\"body\\",\\"cache\\",\\"credentials\\",\\"headers\\",\\"integrity\\",\\"keepalive\\",\\"method\\",\\"mode\\",\\"redirect\\",\\"referrer\\",\\"referrerPolicy\\"],\\"v\\":[{\\"t\\":21,\\"i\\":2,\\"s\\":[72,101,108,108,111,32,87,111,114,108,100,33]},{\\"t\\":1,\\"s\\":\\"default\\"},{\\"t\\":1,\\"s\\":\\"same-origin\\"},{\\"t\\":25,\\"i\\":3,\\"e\\":{\\"k\\":[\\"content-type\\"],\\"v\\":[{\\"t\\":1,\\"s\\":\\"text/plain;charset=UTF-8\\"}],\\"s\\":1}},{\\"t\\":1,\\"s\\":\\"\\"},{\\"t\\":2,\\"s\\":3},{\\"t\\":1,\\"s\\":\\"POST\\"},{\\"t\\":1,\\"s\\":\\"cors\\"},{\\"t\\":1,\\"s\\":\\"follow\\"},{\\"t\\":1,\\"s\\":\\"about:client\\"},{\\"t\\":1,\\"s\\":\\"\\"}],\\"s\\":11},\\"o\\":0,\\"x\\":{}}},\\"f\\":16383,\\"m\\":[]}"`;
