// Vitest Snapshot v1, https://vitest.dev/guide/snapshot.html

exports[`URLSearchParams > crossSerialize > supports URLSearchParams 1`] = `"$R[0]=new URLSearchParams(\\"hello=world&foo=bar\\")"`;

exports[`URLSearchParams > crossSerializeAsync > supports URLSearchParams 1`] = `"$R[0]=Promise.resolve($R[1]=new URLSearchParams(\\"hello=world&foo=bar\\"))"`;

exports[`URLSearchParams > crossSerializeStream > supports URLSearchParams 1`] = `"$R[0]=_$.P()"`;

exports[`URLSearchParams > crossSerializeStream > supports URLSearchParams 2`] = `"_$.Ps($R[0],$R[1]=new URLSearchParams(\\"hello=world&foo=bar\\"))"`;

exports[`URLSearchParams > serialize > supports URLSearchParams 1`] = `"new URLSearchParams(\\"hello=world&foo=bar\\")"`;

exports[`URLSearchParams > serializeAsync > supports URLSearchParams 1`] = `"Promise.resolve(new URLSearchParams(\\"hello=world&foo=bar\\"))"`;

exports[`URLSearchParams > toJSON > supports URLSearchParams 1`] = `"{\\"t\\":{\\"t\\":19,\\"i\\":0,\\"s\\":\\"hello=world&foo=bar\\"},\\"f\\":16383,\\"m\\":[]}"`;

exports[`URLSearchParams > toJSONAsync > supports URLSearchParams 1`] = `"{\\"t\\":{\\"t\\":12,\\"i\\":0,\\"s\\":1,\\"f\\":{\\"t\\":19,\\"i\\":1,\\"s\\":\\"hello=world&foo=bar\\"}},\\"f\\":16383,\\"m\\":[]}"`;
