// Vitest Snapshot v1

exports[`bigint > compat > should throw an error for unsupported target 1`] = `"Unsupported type \\"BigInt\\""`;

exports[`bigint > compat#toJSON > should throw an error for unsupported target 1`] = `"Unsupported type \\"BigInt\\""`;

exports[`bigint > serialize > supports bigint 1`] = `"9007199254740991n"`;

exports[`bigint > serializeAsync > supports bigint 1`] = `"Promise.resolve(9007199254740991n)"`;

exports[`bigint > toJSON > supports bigint 1`] = `"{\\"t\\":{\\"t\\":9,\\"s\\":\\"9007199254740991\\"},\\"r\\":0,\\"i\\":false,\\"f\\":8191,\\"m\\":[]}"`;

exports[`bigint > toJSONAsync > supports bigint 1`] = `"{\\"t\\":{\\"t\\":18,\\"i\\":0,\\"f\\":{\\"t\\":9,\\"s\\":\\"9007199254740991\\"}},\\"r\\":0,\\"i\\":false,\\"f\\":8191,\\"m\\":[]}"`;
