// Vitest Snapshot v1, https://vitest.dev/guide/snapshot.html

exports[`boxed number > crossSerialize > scoped > supports boxed numbers 1`] = `"($R=>$R[0]=Object(3735928559))($R["example"])"`;

exports[`boxed number > crossSerialize > scoped > supports boxed numbers 2`] = `"($R=>$R[0]=Object(0/0))($R["example"])"`;

exports[`boxed number > crossSerialize > scoped > supports boxed numbers 3`] = `"($R=>$R[0]=Object(1/0))($R["example"])"`;

exports[`boxed number > crossSerialize > scoped > supports boxed numbers 4`] = `"($R=>$R[0]=Object(-1/0))($R["example"])"`;

exports[`boxed number > crossSerialize > scoped > supports boxed numbers 5`] = `"($R=>$R[0]=Object(-0))($R["example"])"`;

exports[`boxed number > crossSerialize > supports boxed numbers 1`] = `"$R[0]=Object(3735928559)"`;

exports[`boxed number > crossSerialize > supports boxed numbers 2`] = `"$R[0]=Object(0/0)"`;

exports[`boxed number > crossSerialize > supports boxed numbers 3`] = `"$R[0]=Object(1/0)"`;

exports[`boxed number > crossSerialize > supports boxed numbers 4`] = `"$R[0]=Object(-1/0)"`;

exports[`boxed number > crossSerialize > supports boxed numbers 5`] = `"$R[0]=Object(-0)"`;

exports[`boxed number > crossSerializeAsync > scoped > supports boxed numbers 1`] = `"($R=>$R[0]=Promise.resolve($R[1]=Object(3735928559)))($R["example"])"`;

exports[`boxed number > crossSerializeAsync > scoped > supports boxed numbers 2`] = `"($R=>$R[0]=Promise.resolve($R[1]=Object(0/0)))($R["example"])"`;

exports[`boxed number > crossSerializeAsync > scoped > supports boxed numbers 3`] = `"($R=>$R[0]=Promise.resolve($R[1]=Object(1/0)))($R["example"])"`;

exports[`boxed number > crossSerializeAsync > scoped > supports boxed numbers 4`] = `"($R=>$R[0]=Promise.resolve($R[1]=Object(-1/0)))($R["example"])"`;

exports[`boxed number > crossSerializeAsync > scoped > supports boxed numbers 5`] = `"($R=>$R[0]=Promise.resolve($R[1]=Object(-0)))($R["example"])"`;

exports[`boxed number > crossSerializeAsync > supports boxed numbers 1`] = `"$R[0]=Promise.resolve($R[1]=Object(3735928559))"`;

exports[`boxed number > crossSerializeAsync > supports boxed numbers 2`] = `"$R[0]=Promise.resolve($R[1]=Object(0/0))"`;

exports[`boxed number > crossSerializeAsync > supports boxed numbers 3`] = `"$R[0]=Promise.resolve($R[1]=Object(1/0))"`;

exports[`boxed number > crossSerializeAsync > supports boxed numbers 4`] = `"$R[0]=Promise.resolve($R[1]=Object(-1/0))"`;

exports[`boxed number > crossSerializeAsync > supports boxed numbers 5`] = `"$R[0]=Promise.resolve($R[1]=Object(-0))"`;

exports[`boxed number > crossSerializeStream > scoped > supports boxed -0 1`] = `"($R=>$R[0]=($R[1]=(s,f,p)=>((p=new Promise((a,b)=>{s=a,f=b})).s=s,p.f=f,p))())($R["example"])"`;

exports[`boxed number > crossSerializeStream > scoped > supports boxed -0 2`] = `"($R=>($R[3]=(p,d)=>{p.s(d),p.status="success",p.value=d;delete p.s;delete p.f})($R[0],$R[2]=Object(-0)))($R["example"])"`;

exports[`boxed number > crossSerializeStream > scoped > supports boxed -Infinity 1`] = `"($R=>$R[0]=($R[1]=(s,f,p)=>((p=new Promise((a,b)=>{s=a,f=b})).s=s,p.f=f,p))())($R["example"])"`;

exports[`boxed number > crossSerializeStream > scoped > supports boxed -Infinity 2`] = `"($R=>($R[3]=(p,d)=>{p.s(d),p.status="success",p.value=d;delete p.s;delete p.f})($R[0],$R[2]=Object(-1/0)))($R["example"])"`;

exports[`boxed number > crossSerializeStream > scoped > supports boxed Infinity 1`] = `"($R=>$R[0]=($R[1]=(s,f,p)=>((p=new Promise((a,b)=>{s=a,f=b})).s=s,p.f=f,p))())($R["example"])"`;

exports[`boxed number > crossSerializeStream > scoped > supports boxed Infinity 2`] = `"($R=>($R[3]=(p,d)=>{p.s(d),p.status="success",p.value=d;delete p.s;delete p.f})($R[0],$R[2]=Object(1/0)))($R["example"])"`;

exports[`boxed number > crossSerializeStream > scoped > supports boxed NaN 1`] = `"($R=>$R[0]=($R[1]=(s,f,p)=>((p=new Promise((a,b)=>{s=a,f=b})).s=s,p.f=f,p))())($R["example"])"`;

exports[`boxed number > crossSerializeStream > scoped > supports boxed NaN 2`] = `"($R=>($R[3]=(p,d)=>{p.s(d),p.status="success",p.value=d;delete p.s;delete p.f})($R[0],$R[2]=Object(0/0)))($R["example"])"`;

exports[`boxed number > crossSerializeStream > scoped > supports boxed numbers 1`] = `"($R=>$R[0]=($R[1]=(s,f,p)=>((p=new Promise((a,b)=>{s=a,f=b})).s=s,p.f=f,p))())($R["example"])"`;

exports[`boxed number > crossSerializeStream > scoped > supports boxed numbers 2`] = `"($R=>($R[3]=(p,d)=>{p.s(d),p.status="success",p.value=d;delete p.s;delete p.f})($R[0],$R[2]=Object(3735928559)))($R["example"])"`;

exports[`boxed number > crossSerializeStream > supports boxed -0 1`] = `"$R[0]=($R[1]=(s,f,p)=>((p=new Promise((a,b)=>{s=a,f=b})).s=s,p.f=f,p))()"`;

exports[`boxed number > crossSerializeStream > supports boxed -0 2`] = `"($R[3]=(p,d)=>{p.s(d),p.status="success",p.value=d;delete p.s;delete p.f})($R[0],$R[2]=Object(-0))"`;

exports[`boxed number > crossSerializeStream > supports boxed -Infinity 1`] = `"$R[0]=($R[1]=(s,f,p)=>((p=new Promise((a,b)=>{s=a,f=b})).s=s,p.f=f,p))()"`;

exports[`boxed number > crossSerializeStream > supports boxed -Infinity 2`] = `"($R[3]=(p,d)=>{p.s(d),p.status="success",p.value=d;delete p.s;delete p.f})($R[0],$R[2]=Object(-1/0))"`;

exports[`boxed number > crossSerializeStream > supports boxed Infinity 1`] = `"$R[0]=($R[1]=(s,f,p)=>((p=new Promise((a,b)=>{s=a,f=b})).s=s,p.f=f,p))()"`;

exports[`boxed number > crossSerializeStream > supports boxed Infinity 2`] = `"($R[3]=(p,d)=>{p.s(d),p.status="success",p.value=d;delete p.s;delete p.f})($R[0],$R[2]=Object(1/0))"`;

exports[`boxed number > crossSerializeStream > supports boxed NaN 1`] = `"$R[0]=($R[1]=(s,f,p)=>((p=new Promise((a,b)=>{s=a,f=b})).s=s,p.f=f,p))()"`;

exports[`boxed number > crossSerializeStream > supports boxed NaN 2`] = `"($R[3]=(p,d)=>{p.s(d),p.status="success",p.value=d;delete p.s;delete p.f})($R[0],$R[2]=Object(0/0))"`;

exports[`boxed number > crossSerializeStream > supports boxed numbers 1`] = `"$R[0]=($R[1]=(s,f,p)=>((p=new Promise((a,b)=>{s=a,f=b})).s=s,p.f=f,p))()"`;

exports[`boxed number > crossSerializeStream > supports boxed numbers 2`] = `"($R[3]=(p,d)=>{p.s(d),p.status="success",p.value=d;delete p.s;delete p.f})($R[0],$R[2]=Object(3735928559))"`;

exports[`boxed number > toCrossJSON > supports boxed numbers 1`] = `"{"t":21,"i":0,"f":{"t":0,"s":3735928559}}"`;

exports[`boxed number > toCrossJSON > supports boxed numbers 2`] = `"{"t":21,"i":0,"f":{"t":2,"s":7}}"`;

exports[`boxed number > toCrossJSON > supports boxed numbers 3`] = `"{"t":21,"i":0,"f":{"t":2,"s":5}}"`;

exports[`boxed number > toCrossJSON > supports boxed numbers 4`] = `"{"t":21,"i":0,"f":{"t":2,"s":6}}"`;

exports[`boxed number > toCrossJSON > supports boxed numbers 5`] = `"{"t":21,"i":0,"f":{"t":2,"s":4}}"`;

exports[`boxed number > toCrossJSONAsync > supports boxed numbers 1`] = `"{"t":12,"i":0,"s":1,"f":{"t":21,"i":1,"f":{"t":0,"s":3735928559}}}"`;

exports[`boxed number > toCrossJSONAsync > supports boxed numbers 2`] = `"{"t":12,"i":0,"s":1,"f":{"t":21,"i":1,"f":{"t":2,"s":7}}}"`;

exports[`boxed number > toCrossJSONAsync > supports boxed numbers 3`] = `"{"t":12,"i":0,"s":1,"f":{"t":21,"i":1,"f":{"t":2,"s":5}}}"`;

exports[`boxed number > toCrossJSONAsync > supports boxed numbers 4`] = `"{"t":12,"i":0,"s":1,"f":{"t":21,"i":1,"f":{"t":2,"s":6}}}"`;

exports[`boxed number > toCrossJSONAsync > supports boxed numbers 5`] = `"{"t":12,"i":0,"s":1,"f":{"t":21,"i":1,"f":{"t":2,"s":4}}}"`;

exports[`boxed number > toCrossJSONStream > supports boxed -0 1`] = `"{"t":22,"i":0,"f":{"t":26,"i":1,"s":1}}"`;

exports[`boxed number > toCrossJSONStream > supports boxed -0 2`] = `"{"t":23,"i":0,"a":[{"t":26,"i":3,"s":2},{"t":21,"i":2,"f":{"t":2,"s":4}}]}"`;

exports[`boxed number > toCrossJSONStream > supports boxed -Infinity 1`] = `"{"t":22,"i":0,"f":{"t":26,"i":1,"s":1}}"`;

exports[`boxed number > toCrossJSONStream > supports boxed -Infinity 2`] = `"{"t":23,"i":0,"a":[{"t":26,"i":3,"s":2},{"t":21,"i":2,"f":{"t":2,"s":6}}]}"`;

exports[`boxed number > toCrossJSONStream > supports boxed Infinity 1`] = `"{"t":22,"i":0,"f":{"t":26,"i":1,"s":1}}"`;

exports[`boxed number > toCrossJSONStream > supports boxed Infinity 2`] = `"{"t":23,"i":0,"a":[{"t":26,"i":3,"s":2},{"t":21,"i":2,"f":{"t":2,"s":5}}]}"`;

exports[`boxed number > toCrossJSONStream > supports boxed NaN 1`] = `"{"t":22,"i":0,"f":{"t":26,"i":1,"s":1}}"`;

exports[`boxed number > toCrossJSONStream > supports boxed NaN 2`] = `"{"t":23,"i":0,"a":[{"t":26,"i":3,"s":2},{"t":21,"i":2,"f":{"t":2,"s":7}}]}"`;

exports[`boxed number > toCrossJSONStream > supports boxed numbers 1`] = `"{"t":22,"i":0,"f":{"t":26,"i":1,"s":1}}"`;

exports[`boxed number > toCrossJSONStream > supports boxed numbers 2`] = `"{"t":23,"i":0,"a":[{"t":26,"i":3,"s":2},{"t":21,"i":2,"f":{"t":0,"s":3735928559}}]}"`;

exports[`boxed number > toJSON > supports boxed numbers 1`] = `"{"t":{"t":21,"i":0,"f":{"t":0,"s":3735928559}},"f":63,"m":[]}"`;

exports[`boxed number > toJSON > supports boxed numbers 2`] = `"{"t":{"t":21,"i":0,"f":{"t":2,"s":7}},"f":63,"m":[]}"`;

exports[`boxed number > toJSON > supports boxed numbers 3`] = `"{"t":{"t":21,"i":0,"f":{"t":2,"s":5}},"f":63,"m":[]}"`;

exports[`boxed number > toJSON > supports boxed numbers 4`] = `"{"t":{"t":21,"i":0,"f":{"t":2,"s":6}},"f":63,"m":[]}"`;

exports[`boxed number > toJSON > supports boxed numbers 5`] = `"{"t":{"t":21,"i":0,"f":{"t":2,"s":4}},"f":63,"m":[]}"`;

exports[`boxed number > toJSONAsync > supports boxed numbers 1`] = `"{"t":{"t":12,"i":0,"s":1,"f":{"t":21,"i":1,"f":{"t":0,"s":3735928559}}},"f":63,"m":[]}"`;

exports[`boxed number > toJSONAsync > supports boxed numbers 2`] = `"{"t":{"t":12,"i":0,"s":1,"f":{"t":21,"i":1,"f":{"t":2,"s":7}}},"f":63,"m":[]}"`;

exports[`boxed number > toJSONAsync > supports boxed numbers 3`] = `"{"t":{"t":12,"i":0,"s":1,"f":{"t":21,"i":1,"f":{"t":2,"s":5}}},"f":63,"m":[]}"`;

exports[`boxed number > toJSONAsync > supports boxed numbers 4`] = `"{"t":{"t":12,"i":0,"s":1,"f":{"t":21,"i":1,"f":{"t":2,"s":6}}},"f":63,"m":[]}"`;

exports[`boxed number > toJSONAsync > supports boxed numbers 5`] = `"{"t":{"t":12,"i":0,"s":1,"f":{"t":21,"i":1,"f":{"t":2,"s":4}}},"f":63,"m":[]}"`;
