// Vitest Snapshot v1

exports[`Error > serialize > supports Error.prototype.cause 1`] = `"Object.assign(new Error(\\"B\\"),{stack:\\"\\",cause:Object.assign(new Error(\\"A\\"),{stack:\\"\\"})})"`;

exports[`Error > serialize > supports Error.prototype.name 1`] = `"Object.assign(new Error(\\"A\\"),{name:\\"ExampleError\\",stack:\\"\\"})"`;

exports[`Error > serialize > supports other Error classes 1`] = `"Object.assign(new ReferenceError(\\"A\\"),{stack:\\"\\"})"`;

exports[`Error > serializeAsync > supports Error.prototype.cause 1`] = `"Object.assign(new Error(\\"B\\"),{stack:\\"\\",cause:Promise.resolve(Object.assign(new Error(\\"A\\"),{stack:\\"\\"}))})"`;

exports[`Error > serializeAsync > supports Error.prototype.name 1`] = `"Promise.resolve(Object.assign(new Error(\\"A\\"),{name:\\"ExampleError\\",stack:\\"\\"}))"`;

exports[`Error > serializeAsync > supports other Error classes 1`] = `"Promise.resolve(Object.assign(new ReferenceError(\\"A\\"),{stack:\\"\\"}))"`;

exports[`Error > toJSON > supports Error.prototype.cause 1`] = `"{\\"t\\":{\\"t\\":19,\\"i\\":0,\\"c\\":\\"Error\\",\\"m\\":\\"B\\",\\"d\\":{\\"k\\":[\\"stack\\",\\"cause\\"],\\"v\\":[{\\"t\\":1,\\"s\\":\\"\\"},{\\"t\\":19,\\"i\\":1,\\"c\\":\\"Error\\",\\"m\\":\\"A\\",\\"d\\":{\\"k\\":[\\"stack\\"],\\"v\\":[{\\"t\\":1,\\"s\\":\\"\\"}],\\"s\\":1}}],\\"s\\":2}},\\"r\\":0,\\"i\\":false,\\"f\\":8191,\\"m\\":[]}"`;

exports[`Error > toJSON > supports Error.prototype.name 1`] = `"{\\"t\\":{\\"t\\":19,\\"i\\":0,\\"c\\":\\"Error\\",\\"m\\":\\"A\\",\\"d\\":{\\"k\\":[\\"name\\",\\"stack\\"],\\"v\\":[{\\"t\\":1,\\"s\\":\\"ExampleError\\"},{\\"t\\":1,\\"s\\":\\"\\"}],\\"s\\":2}},\\"r\\":0,\\"i\\":false,\\"f\\":8191,\\"m\\":[]}"`;

exports[`Error > toJSON > supports other Error classes 1`] = `"{\\"t\\":{\\"t\\":19,\\"i\\":0,\\"c\\":\\"ReferenceError\\",\\"m\\":\\"A\\",\\"d\\":{\\"k\\":[\\"stack\\"],\\"v\\":[{\\"t\\":1,\\"s\\":\\"\\"}],\\"s\\":1}},\\"r\\":0,\\"i\\":false,\\"f\\":8191,\\"m\\":[]}"`;

exports[`Error > toJSONAsync > supports Error.prototype.cause 1`] = `"{\\"t\\":{\\"t\\":19,\\"i\\":0,\\"c\\":\\"Error\\",\\"m\\":\\"B\\",\\"d\\":{\\"k\\":[\\"stack\\",\\"cause\\"],\\"v\\":[{\\"t\\":1,\\"s\\":\\"\\"},{\\"t\\":18,\\"i\\":1,\\"f\\":{\\"t\\":19,\\"i\\":2,\\"c\\":\\"Error\\",\\"m\\":\\"A\\",\\"d\\":{\\"k\\":[\\"stack\\"],\\"v\\":[{\\"t\\":1,\\"s\\":\\"\\"}],\\"s\\":1}}}],\\"s\\":2}},\\"r\\":0,\\"i\\":false,\\"f\\":8191,\\"m\\":[]}"`;

exports[`Error > toJSONAsync > supports Error.prototype.name 1`] = `"{\\"t\\":{\\"t\\":18,\\"i\\":0,\\"f\\":{\\"t\\":19,\\"i\\":1,\\"c\\":\\"Error\\",\\"m\\":\\"A\\",\\"d\\":{\\"k\\":[\\"name\\",\\"stack\\"],\\"v\\":[{\\"t\\":1,\\"s\\":\\"ExampleError\\"},{\\"t\\":1,\\"s\\":\\"\\"}],\\"s\\":2}}},\\"r\\":0,\\"i\\":false,\\"f\\":8191,\\"m\\":[]}"`;

exports[`Error > toJSONAsync > supports other Error classes 1`] = `"{\\"t\\":{\\"t\\":18,\\"i\\":0,\\"f\\":{\\"t\\":19,\\"i\\":1,\\"c\\":\\"ReferenceError\\",\\"m\\":\\"A\\",\\"d\\":{\\"k\\":[\\"stack\\"],\\"v\\":[{\\"t\\":1,\\"s\\":\\"\\"}],\\"s\\":1}}},\\"r\\":0,\\"i\\":false,\\"f\\":8191,\\"m\\":[]}"`;
