// Vitest Snapshot v1, https://vitest.dev/guide/snapshot.html

exports[`frozen object > crossSerialize > scoped > supports Objects 1`] = `"($R=>$R[0]={hello:"world"},Object.freeze($R[0]),$R[0])($R["example"])"`;

exports[`frozen object > crossSerialize > scoped > supports Symbol.iterator 1`] = `"($R=>$R[0]={[$R[1]=Symbol.iterator]:($R[2]=s=>(i,c,d,t)=>(i=0,t={[$R[1]]:()=>t,next:()=>{if(i>s.d)return{done:!0,value:void 0};if(d=s.v[c=i++],c===s.t)throw d;return{done:c===s.d,value:d}}}))($R[3]={v:$R[4]=[1,2,3,void 0],t:-1,d:3})},Object.freeze($R[0]),$R[0])($R["example"])"`;

exports[`frozen object > crossSerialize > scoped > supports self-recursion 1`] = `"($R=>$R[0]={},$R[0].b=$R[0].a=$R[0],Object.freeze($R[0]),$R[0])($R["example"])"`;

exports[`frozen object > crossSerialize > supports Objects 1`] = `"($R[0]={hello:"world"},Object.freeze($R[0]),$R[0])"`;

exports[`frozen object > crossSerialize > supports Symbol.iterator 1`] = `"($R[0]={[$R[1]=Symbol.iterator]:($R[2]=s=>(i,c,d,t)=>(i=0,t={[$R[1]]:()=>t,next:()=>{if(i>s.d)return{done:!0,value:void 0};if(d=s.v[c=i++],c===s.t)throw d;return{done:c===s.d,value:d}}}))($R[3]={v:$R[4]=[1,2,3,void 0],t:-1,d:3})},Object.freeze($R[0]),$R[0])"`;

exports[`frozen object > crossSerialize > supports self-recursion 1`] = `"($R[0]={},$R[0].b=$R[0].a=$R[0],Object.freeze($R[0]),$R[0])"`;

exports[`frozen object > crossSerializeAsync > scoped > supports Objects 1`] = `"($R=>$R[0]=Promise.resolve($R[1]={hello:"world"}),Object.freeze($R[1]),$R[0])($R["example"])"`;

exports[`frozen object > crossSerializeAsync > scoped > supports Symbol.asyncIterator 1`] = `"($R=>$R[0]={[$R[1]=Symbol.asyncIterator]:(($R[3]=(s,f,p)=>((p=new Promise((a,b)=>{s=a,f=b})).s=s,p.f=f,p),$R[2]=s=>(b,c,p,d,e,t,f)=>(b=[],c=0,p=[],d=-1,e=!1,f=(i,l)=>{for(i=0,l=p.length;i<l;i++)p[i].s({done:!0,value:void 0})},s.on({next:(v,t)=>{if(t=p.shift())t.s({done:!1,value:v});b.push(v)},throw:(v,t)=>{if(t=p.shift())t.f(v);f(),d=b.length,e=!0,b.push(v)},return:(v,t)=>{if(t=p.shift())t.s({done:!0,value:v});f(),d=b.length,b.push(v)}}),t={[$R[1]]:()=>t,next:(i,t,v)=>{if(d===-1){return((i=c++)>=b.length)?(p.push(t=$R[3]()),t):{done:!0,value:b[i]}}if(c>d)return{done:!0,value:void 0};if(v=b[i=c++],i!==d)return{done:!1,value:v};if(e)throw v;return{done:!0,value:v}}})))(($R[4]=($R[5]=(b,a,s,l,p,f,e,n)=>(b=[],a=!0,s=!1,l=[],p=0,f=(v,m,x)=>{for(x=0;x<p;x++)l[x]&&l[x][m](v)},n=(o,x,z,c)=>{for(x=0,z=b.length;x<z;x++)(c=b[x],x===z-1?o[s?"return":"throw"](c):o.next(c))},e=(o,t)=>(a&&(l[t=p++]=o),n(o),()=>{a&&(l[t]=void 0)}),{__SEROVAL_STREAM__:!0,on:o=>e(o),next:v=>{a&&(b.push(v),f(v,"next"))},throw:v=>{a&&(b.push(v),f(v,"throw"),a=s=!1,l.length=0)},return:v=>{a&&(b.push(v),f(v,"return"),a=!1,s=!0,l.length=0)}}))(),$R[4].next(1),$R[4].next(2),$R[4].next(3),$R[4].return(void 0),$R[4]))},Object.freeze($R[0]),$R[0])($R["example"])"`;

exports[`frozen object > crossSerializeAsync > scoped > supports Symbol.iterator 1`] = `"($R=>$R[0]=Promise.resolve($R[1]={[$R[2]=Symbol.iterator]:($R[3]=s=>(i,c,d,t)=>(i=0,t={[$R[2]]:()=>t,next:()=>{if(i>s.d)return{done:!0,value:void 0};if(d=s.v[c=i++],c===s.t)throw d;return{done:c===s.d,value:d}}}))($R[4]={v:$R[5]=[1,2,3,void 0],t:-1,d:3})}),Object.freeze($R[1]),$R[0])($R["example"])"`;

exports[`frozen object > crossSerializeAsync > scoped > supports self-recursion 1`] = `"($R=>$R[0]={a:$R[1]=Promise.resolve().then(()=>$R[0]),b:$R[2]=Promise.resolve().then(()=>$R[0])},Object.freeze($R[0]),$R[0])($R["example"])"`;

exports[`frozen object > crossSerializeAsync > supports Objects 1`] = `"($R[0]=Promise.resolve($R[1]={hello:"world"}),Object.freeze($R[1]),$R[0])"`;

exports[`frozen object > crossSerializeAsync > supports Symbol.asyncIterator 1`] = `"($R[0]={[$R[1]=Symbol.asyncIterator]:(($R[3]=(s,f,p)=>((p=new Promise((a,b)=>{s=a,f=b})).s=s,p.f=f,p),$R[2]=s=>(b,c,p,d,e,t,f)=>(b=[],c=0,p=[],d=-1,e=!1,f=(i,l)=>{for(i=0,l=p.length;i<l;i++)p[i].s({done:!0,value:void 0})},s.on({next:(v,t)=>{if(t=p.shift())t.s({done:!1,value:v});b.push(v)},throw:(v,t)=>{if(t=p.shift())t.f(v);f(),d=b.length,e=!0,b.push(v)},return:(v,t)=>{if(t=p.shift())t.s({done:!0,value:v});f(),d=b.length,b.push(v)}}),t={[$R[1]]:()=>t,next:(i,t,v)=>{if(d===-1){return((i=c++)>=b.length)?(p.push(t=$R[3]()),t):{done:!0,value:b[i]}}if(c>d)return{done:!0,value:void 0};if(v=b[i=c++],i!==d)return{done:!1,value:v};if(e)throw v;return{done:!0,value:v}}})))(($R[4]=($R[5]=(b,a,s,l,p,f,e,n)=>(b=[],a=!0,s=!1,l=[],p=0,f=(v,m,x)=>{for(x=0;x<p;x++)l[x]&&l[x][m](v)},n=(o,x,z,c)=>{for(x=0,z=b.length;x<z;x++)(c=b[x],x===z-1?o[s?"return":"throw"](c):o.next(c))},e=(o,t)=>(a&&(l[t=p++]=o),n(o),()=>{a&&(l[t]=void 0)}),{__SEROVAL_STREAM__:!0,on:o=>e(o),next:v=>{a&&(b.push(v),f(v,"next"))},throw:v=>{a&&(b.push(v),f(v,"throw"),a=s=!1,l.length=0)},return:v=>{a&&(b.push(v),f(v,"return"),a=!1,s=!0,l.length=0)}}))(),$R[4].next(1),$R[4].next(2),$R[4].next(3),$R[4].return(void 0),$R[4]))},Object.freeze($R[0]),$R[0])"`;

exports[`frozen object > crossSerializeAsync > supports Symbol.iterator 1`] = `"($R[0]=Promise.resolve($R[1]={[$R[2]=Symbol.iterator]:($R[3]=s=>(i,c,d,t)=>(i=0,t={[$R[2]]:()=>t,next:()=>{if(i>s.d)return{done:!0,value:void 0};if(d=s.v[c=i++],c===s.t)throw d;return{done:c===s.d,value:d}}}))($R[4]={v:$R[5]=[1,2,3,void 0],t:-1,d:3})}),Object.freeze($R[1]),$R[0])"`;

exports[`frozen object > crossSerializeAsync > supports self-recursion 1`] = `"($R[0]={a:$R[1]=Promise.resolve().then(()=>$R[0]),b:$R[2]=Promise.resolve().then(()=>$R[0])},Object.freeze($R[0]),$R[0])"`;

exports[`frozen object > crossSerializeStream > scoped > supports Objects 1`] = `"($R=>$R[0]=($R[1]=(s,f,p)=>((p=new Promise((a,b)=>{s=a,f=b})).s=s,p.f=f,p))())($R["example"])"`;

exports[`frozen object > crossSerializeStream > scoped > supports Objects 2`] = `"($R=>($R[3]=(p,d)=>{p.s(d),p.status="success",p.value=d;delete p.s;delete p.f})($R[0],$R[2]={hello:"world"}),Object.freeze($R[2]),$R[0])($R["example"])"`;

exports[`frozen object > crossSerializeStream > scoped > supports Symbol.asyncIterator 1`] = `"($R=>$R[0]={[$R[1]=Symbol.asyncIterator]:(($R[3]=(s,f,p)=>((p=new Promise((a,b)=>{s=a,f=b})).s=s,p.f=f,p),$R[2]=s=>(b,c,p,d,e,t,f)=>(b=[],c=0,p=[],d=-1,e=!1,f=(i,l)=>{for(i=0,l=p.length;i<l;i++)p[i].s({done:!0,value:void 0})},s.on({next:(v,t)=>{if(t=p.shift())t.s({done:!1,value:v});b.push(v)},throw:(v,t)=>{if(t=p.shift())t.f(v);f(),d=b.length,e=!0,b.push(v)},return:(v,t)=>{if(t=p.shift())t.s({done:!0,value:v});f(),d=b.length,b.push(v)}}),t={[$R[1]]:()=>t,next:(i,t,v)=>{if(d===-1){return((i=c++)>=b.length)?(p.push(t=$R[3]()),t):{done:!0,value:b[i]}}if(c>d)return{done:!0,value:void 0};if(v=b[i=c++],i!==d)return{done:!1,value:v};if(e)throw v;return{done:!0,value:v}}})))($R[4]=($R[5]=(b,a,s,l,p,f,e,n)=>(b=[],a=!0,s=!1,l=[],p=0,f=(v,m,x)=>{for(x=0;x<p;x++)l[x]&&l[x][m](v)},n=(o,x,z,c)=>{for(x=0,z=b.length;x<z;x++)(c=b[x],x===z-1?o[s?"return":"throw"](c):o.next(c))},e=(o,t)=>(a&&(l[t=p++]=o),n(o),()=>{a&&(l[t]=void 0)}),{__SEROVAL_STREAM__:!0,on:o=>e(o),next:v=>{a&&(b.push(v),f(v,"next"))},throw:v=>{a&&(b.push(v),f(v,"throw"),a=s=!1,l.length=0)},return:v=>{a&&(b.push(v),f(v,"return"),a=!1,s=!0,l.length=0)}}))())},Object.freeze($R[0]),$R[0])($R["example"])"`;

exports[`frozen object > crossSerializeStream > scoped > supports Symbol.asyncIterator 2`] = `"($R=>$R[4].next(1))($R["example"])"`;

exports[`frozen object > crossSerializeStream > scoped > supports Symbol.asyncIterator 3`] = `"($R=>$R[4].next(2))($R["example"])"`;

exports[`frozen object > crossSerializeStream > scoped > supports Symbol.asyncIterator 4`] = `"($R=>$R[4].next(3))($R["example"])"`;

exports[`frozen object > crossSerializeStream > scoped > supports Symbol.asyncIterator 5`] = `"($R=>$R[4].return(void 0))($R["example"])"`;

exports[`frozen object > crossSerializeStream > scoped > supports Symbol.iterator 1`] = `"($R=>$R[0]=($R[1]=(s,f,p)=>((p=new Promise((a,b)=>{s=a,f=b})).s=s,p.f=f,p))())($R["example"])"`;

exports[`frozen object > crossSerializeStream > scoped > supports Symbol.iterator 2`] = `"($R=>($R[7]=(p,d)=>{p.s(d),p.status="success",p.value=d;delete p.s;delete p.f})($R[0],$R[2]={[$R[3]=Symbol.iterator]:($R[4]=s=>(i,c,d,t)=>(i=0,t={[$R[3]]:()=>t,next:()=>{if(i>s.d)return{done:!0,value:void 0};if(d=s.v[c=i++],c===s.t)throw d;return{done:c===s.d,value:d}}}))($R[5]={v:$R[6]=[1,2,3,void 0],t:-1,d:3})}),Object.freeze($R[2]),$R[0])($R["example"])"`;

exports[`frozen object > crossSerializeStream > scoped > supports self-recursion 1`] = `"($R=>$R[0]={a:$R[1]=($R[2]=(s,f,p)=>((p=new Promise((a,b)=>{s=a,f=b})).s=s,p.f=f,p))(),b:$R[3]=$R[2]()},Object.freeze($R[0]),$R[0])($R["example"])"`;

exports[`frozen object > crossSerializeStream > scoped > supports self-recursion 2`] = `"($R=>($R[4]=(p,d)=>{p.s(d),p.status="success",p.value=d;delete p.s;delete p.f})($R[1],$R[0]))($R["example"])"`;

exports[`frozen object > crossSerializeStream > scoped > supports self-recursion 3`] = `"($R=>$R[4]($R[3],$R[0]))($R["example"])"`;

exports[`frozen object > crossSerializeStream > supports Objects 1`] = `"$R[0]=($R[1]=(s,f,p)=>((p=new Promise((a,b)=>{s=a,f=b})).s=s,p.f=f,p))()"`;

exports[`frozen object > crossSerializeStream > supports Objects 2`] = `"(($R[3]=(p,d)=>{p.s(d),p.status="success",p.value=d;delete p.s;delete p.f})($R[0],$R[2]={hello:"world"}),Object.freeze($R[2]),$R[0])"`;

exports[`frozen object > crossSerializeStream > supports Symbol.asyncIterator 1`] = `"($R[0]={[$R[1]=Symbol.asyncIterator]:(($R[3]=(s,f,p)=>((p=new Promise((a,b)=>{s=a,f=b})).s=s,p.f=f,p),$R[2]=s=>(b,c,p,d,e,t,f)=>(b=[],c=0,p=[],d=-1,e=!1,f=(i,l)=>{for(i=0,l=p.length;i<l;i++)p[i].s({done:!0,value:void 0})},s.on({next:(v,t)=>{if(t=p.shift())t.s({done:!1,value:v});b.push(v)},throw:(v,t)=>{if(t=p.shift())t.f(v);f(),d=b.length,e=!0,b.push(v)},return:(v,t)=>{if(t=p.shift())t.s({done:!0,value:v});f(),d=b.length,b.push(v)}}),t={[$R[1]]:()=>t,next:(i,t,v)=>{if(d===-1){return((i=c++)>=b.length)?(p.push(t=$R[3]()),t):{done:!0,value:b[i]}}if(c>d)return{done:!0,value:void 0};if(v=b[i=c++],i!==d)return{done:!1,value:v};if(e)throw v;return{done:!0,value:v}}})))($R[4]=($R[5]=(b,a,s,l,p,f,e,n)=>(b=[],a=!0,s=!1,l=[],p=0,f=(v,m,x)=>{for(x=0;x<p;x++)l[x]&&l[x][m](v)},n=(o,x,z,c)=>{for(x=0,z=b.length;x<z;x++)(c=b[x],x===z-1?o[s?"return":"throw"](c):o.next(c))},e=(o,t)=>(a&&(l[t=p++]=o),n(o),()=>{a&&(l[t]=void 0)}),{__SEROVAL_STREAM__:!0,on:o=>e(o),next:v=>{a&&(b.push(v),f(v,"next"))},throw:v=>{a&&(b.push(v),f(v,"throw"),a=s=!1,l.length=0)},return:v=>{a&&(b.push(v),f(v,"return"),a=!1,s=!0,l.length=0)}}))())},Object.freeze($R[0]),$R[0])"`;

exports[`frozen object > crossSerializeStream > supports Symbol.asyncIterator 2`] = `"$R[4].next(1)"`;

exports[`frozen object > crossSerializeStream > supports Symbol.asyncIterator 3`] = `"$R[4].next(2)"`;

exports[`frozen object > crossSerializeStream > supports Symbol.asyncIterator 4`] = `"$R[4].next(3)"`;

exports[`frozen object > crossSerializeStream > supports Symbol.asyncIterator 5`] = `"$R[4].return(void 0)"`;

exports[`frozen object > crossSerializeStream > supports Symbol.iterator 1`] = `"$R[0]=($R[1]=(s,f,p)=>((p=new Promise((a,b)=>{s=a,f=b})).s=s,p.f=f,p))()"`;

exports[`frozen object > crossSerializeStream > supports Symbol.iterator 2`] = `"(($R[7]=(p,d)=>{p.s(d),p.status="success",p.value=d;delete p.s;delete p.f})($R[0],$R[2]={[$R[3]=Symbol.iterator]:($R[4]=s=>(i,c,d,t)=>(i=0,t={[$R[3]]:()=>t,next:()=>{if(i>s.d)return{done:!0,value:void 0};if(d=s.v[c=i++],c===s.t)throw d;return{done:c===s.d,value:d}}}))($R[5]={v:$R[6]=[1,2,3,void 0],t:-1,d:3})}),Object.freeze($R[2]),$R[0])"`;

exports[`frozen object > crossSerializeStream > supports self-recursion 1`] = `"($R[0]={a:$R[1]=($R[2]=(s,f,p)=>((p=new Promise((a,b)=>{s=a,f=b})).s=s,p.f=f,p))(),b:$R[3]=$R[2]()},Object.freeze($R[0]),$R[0])"`;

exports[`frozen object > crossSerializeStream > supports self-recursion 2`] = `"($R[4]=(p,d)=>{p.s(d),p.status="success",p.value=d;delete p.s;delete p.f})($R[1],$R[0])"`;

exports[`frozen object > crossSerializeStream > supports self-recursion 3`] = `"$R[4]($R[3],$R[0])"`;

exports[`frozen object > serialize > supports Objects 1`] = `"(h=>(h={hello:"world"},Object.freeze(h),h))()"`;

exports[`frozen object > serialize > supports Symbol.iterator 1`] = `"((h,j,k)=>(h={[j=Symbol.iterator]:(s=>(i,c,d,t)=>(i=0,t={[j]:()=>t,next:()=>{if(i>s.d)return{done:!0,value:void 0};if(d=s.v[c=i++],c===s.t)throw d;return{done:c===s.d,value:d}}}))({v:[1,2,3,void 0],t:-1,d:3})},Object.freeze(h),h))()"`;

exports[`frozen object > serialize > supports self-recursion 1`] = `"(h=>(h={},h.b=h.a=h,Object.freeze(h),h))()"`;

exports[`frozen object > serializeAsync > supports Objects 1`] = `"((h,j)=>(j=Promise.resolve(h={hello:"world"}),Object.freeze(h),j))()"`;

exports[`frozen object > serializeAsync > supports Symbol.asyncIterator 1`] = `"((h,j,k,m,o,q)=>(h={[j=Symbol.asyncIterator]:((k=(s,f,p)=>((p=new Promise((a,b)=>{s=a,f=b})).s=s,p.f=f,p),s=>(b,c,p,d,e,t,f)=>(b=[],c=0,p=[],d=-1,e=!1,f=(i,l)=>{for(i=0,l=p.length;i<l;i++)p[i].s({done:!0,value:void 0})},s.on({next:(v,t)=>{if(t=p.shift())t.s({done:!1,value:v});b.push(v)},throw:(v,t)=>{if(t=p.shift())t.f(v);f(),d=b.length,e=!0,b.push(v)},return:(v,t)=>{if(t=p.shift())t.s({done:!0,value:v});f(),d=b.length,b.push(v)}}),t={[j]:()=>t,next:(i,t,v)=>{if(d===-1){return((i=c++)>=b.length)?(p.push(t=k()),t):{done:!0,value:b[i]}}if(c>d)return{done:!0,value:void 0};if(v=b[i=c++],i!==d)return{done:!1,value:v};if(e)throw v;return{done:!0,value:v}}})))((q=((b,a,s,l,p,f,e,n)=>(b=[],a=!0,s=!1,l=[],p=0,f=(v,m,x)=>{for(x=0;x<p;x++)l[x]&&l[x][m](v)},n=(o,x,z,c)=>{for(x=0,z=b.length;x<z;x++)(c=b[x],x===z-1?o[s?"return":"throw"](c):o.next(c))},e=(o,t)=>(a&&(l[t=p++]=o),n(o),()=>{a&&(l[t]=void 0)}),{__SEROVAL_STREAM__:!0,on:o=>e(o),next:v=>{a&&(b.push(v),f(v,"next"))},throw:v=>{a&&(b.push(v),f(v,"throw"),a=s=!1,l.length=0)},return:v=>{a&&(b.push(v),f(v,"return"),a=!1,s=!0,l.length=0)}}))(),q.next(1),q.next(2),q.next(3),q.return(void 0),q))},Object.freeze(h),h))()"`;

exports[`frozen object > serializeAsync > supports Symbol.iterator 1`] = `"((h,j,k,m)=>(m=Promise.resolve(h={[j=Symbol.iterator]:(s=>(i,c,d,t)=>(i=0,t={[j]:()=>t,next:()=>{if(i>s.d)return{done:!0,value:void 0};if(d=s.v[c=i++],c===s.t)throw d;return{done:c===s.d,value:d}}}))({v:[1,2,3,void 0],t:-1,d:3})}),Object.freeze(h),m))()"`;

exports[`frozen object > serializeAsync > supports self-recursion 1`] = `"(h=>(h={a:Promise.resolve().then(()=>h),b:Promise.resolve().then(()=>h)},Object.freeze(h),h))()"`;

exports[`frozen object > toCrossJSON > supports Objects 1`] = `"{"t":10,"i":0,"p":{"k":["hello"],"v":[{"t":1,"s":"world"}],"s":1},"o":3}"`;

exports[`frozen object > toCrossJSON > supports Symbol.iterator 1`] = `"{"t":10,"i":0,"p":{"k":[{"t":17,"i":1,"s":3}],"v":[{"t":28,"a":[{"t":27,"i":2,"f":{"t":4,"i":1}},{"t":10,"i":3,"p":{"k":["v","t","d"],"v":[{"t":9,"i":4,"l":4,"a":[{"t":0,"s":1},{"t":0,"s":2},{"t":0,"s":3},{"t":2,"s":1}],"o":0},{"t":0,"s":-1},{"t":0,"s":3}],"s":3},"o":0}]}],"s":1},"o":3}"`;

exports[`frozen object > toCrossJSON > supports self-recursion 1`] = `"{"t":10,"i":0,"p":{"k":["a","b"],"v":[{"t":4,"i":0},{"t":4,"i":0}],"s":2},"o":3}"`;

exports[`frozen object > toCrossJSONAsync > supports Objects 1`] = `"{"t":12,"i":0,"s":1,"f":{"t":10,"i":1,"p":{"k":["hello"],"v":[{"t":1,"s":"world"}],"s":1},"o":3}}"`;

exports[`frozen object > toCrossJSONAsync > supports Symbol.asyncIterator 1`] = `"{"t":10,"i":0,"p":{"k":[{"t":17,"i":1,"s":0}],"v":[{"t":30,"a":[{"t":29,"i":2,"a":[{"t":26,"i":3,"s":1},{"t":4,"i":1}]},{"t":31,"i":4,"a":[{"t":32,"i":4,"f":{"t":0,"s":1}},{"t":32,"i":4,"f":{"t":0,"s":2}},{"t":32,"i":4,"f":{"t":0,"s":3}},{"t":34,"i":4,"f":{"t":2,"s":1}}],"f":{"t":26,"i":5,"s":4}}]}],"s":1},"o":3}"`;

exports[`frozen object > toCrossJSONAsync > supports Symbol.iterator 1`] = `"{"t":12,"i":0,"s":1,"f":{"t":10,"i":1,"p":{"k":[{"t":17,"i":2,"s":3}],"v":[{"t":28,"a":[{"t":27,"i":3,"f":{"t":4,"i":2}},{"t":10,"i":4,"p":{"k":["v","t","d"],"v":[{"t":9,"i":5,"l":4,"a":[{"t":0,"s":1},{"t":0,"s":2},{"t":0,"s":3},{"t":2,"s":1}],"o":0},{"t":0,"s":-1},{"t":0,"s":3}],"s":3},"o":0}]}],"s":1},"o":3}}"`;

exports[`frozen object > toCrossJSONAsync > supports self-recursion 1`] = `"{"t":10,"i":0,"p":{"k":["a","b"],"v":[{"t":12,"i":1,"s":1,"f":{"t":4,"i":0}},{"t":12,"i":2,"s":1,"f":{"t":4,"i":0}}],"s":2},"o":3}"`;

exports[`frozen object > toCrossJSONStream > supports Objects 1`] = `"{"t":22,"i":0,"f":{"t":26,"i":1,"s":1}}"`;

exports[`frozen object > toCrossJSONStream > supports Objects 2`] = `"{"t":23,"i":0,"a":[{"t":26,"i":3,"s":2},{"t":10,"i":2,"p":{"k":["hello"],"v":[{"t":1,"s":"world"}],"s":1},"o":3}]}"`;

exports[`frozen object > toCrossJSONStream > supports Symbol.asyncIterator 1`] = `"{"t":10,"i":0,"p":{"k":[{"t":17,"i":1,"s":0}],"v":[{"t":30,"a":[{"t":29,"i":2,"a":[{"t":26,"i":3,"s":1},{"t":4,"i":1}]},{"t":31,"i":4,"a":[],"f":{"t":26,"i":5,"s":4}}]}],"s":1},"o":3}"`;

exports[`frozen object > toCrossJSONStream > supports Symbol.asyncIterator 2`] = `"{"t":32,"i":4,"f":{"t":0,"s":1}}"`;

exports[`frozen object > toCrossJSONStream > supports Symbol.asyncIterator 3`] = `"{"t":32,"i":4,"f":{"t":0,"s":2}}"`;

exports[`frozen object > toCrossJSONStream > supports Symbol.asyncIterator 4`] = `"{"t":32,"i":4,"f":{"t":0,"s":3}}"`;

exports[`frozen object > toCrossJSONStream > supports Symbol.asyncIterator 5`] = `"{"t":34,"i":4,"f":{"t":2,"s":1}}"`;

exports[`frozen object > toCrossJSONStream > supports Symbol.iterator 1`] = `"{"t":22,"i":0,"f":{"t":26,"i":1,"s":1}}"`;

exports[`frozen object > toCrossJSONStream > supports Symbol.iterator 2`] = `"{"t":23,"i":0,"a":[{"t":26,"i":7,"s":2},{"t":10,"i":2,"p":{"k":[{"t":17,"i":3,"s":3}],"v":[{"t":28,"a":[{"t":27,"i":4,"f":{"t":4,"i":3}},{"t":10,"i":5,"p":{"k":["v","t","d"],"v":[{"t":9,"i":6,"l":4,"a":[{"t":0,"s":1},{"t":0,"s":2},{"t":0,"s":3},{"t":2,"s":1}],"o":0},{"t":0,"s":-1},{"t":0,"s":3}],"s":3},"o":0}]}],"s":1},"o":3}]}"`;

exports[`frozen object > toCrossJSONStream > supports self-recursion 1`] = `"{"t":10,"i":0,"p":{"k":["a","b"],"v":[{"t":22,"i":1,"f":{"t":26,"i":2,"s":1}},{"t":22,"i":3,"f":{"t":4,"i":2}}],"s":2},"o":3}"`;

exports[`frozen object > toCrossJSONStream > supports self-recursion 2`] = `"{"t":23,"i":1,"a":[{"t":26,"i":4,"s":2},{"t":4,"i":0}]}"`;

exports[`frozen object > toCrossJSONStream > supports self-recursion 3`] = `"{"t":23,"i":3,"a":[{"t":4,"i":4},{"t":4,"i":0}]}"`;

exports[`frozen object > toJSON > supports Objects 1`] = `"{"t":{"t":10,"i":0,"p":{"k":["hello"],"v":[{"t":1,"s":"world"}],"s":1},"o":3},"f":31,"m":[]}"`;

exports[`frozen object > toJSON > supports Symbol.iterator 1`] = `"{"t":{"t":10,"i":0,"p":{"k":[{"t":17,"i":1,"s":3}],"v":[{"t":28,"a":[{"t":27,"i":2,"f":{"t":4,"i":1}},{"t":10,"i":3,"p":{"k":["v","t","d"],"v":[{"t":9,"i":4,"l":4,"a":[{"t":0,"s":1},{"t":0,"s":2},{"t":0,"s":3},{"t":2,"s":1}],"o":0},{"t":0,"s":-1},{"t":0,"s":3}],"s":3},"o":0}]}],"s":1},"o":3},"f":31,"m":[1]}"`;

exports[`frozen object > toJSON > supports self-recursion 1`] = `"{"t":{"t":10,"i":0,"p":{"k":["a","b"],"v":[{"t":4,"i":0},{"t":4,"i":0}],"s":2},"o":3},"f":31,"m":[0]}"`;

exports[`frozen object > toJSONAsync > supports Objects 1`] = `"{"t":{"t":12,"i":0,"s":1,"f":{"t":10,"i":1,"p":{"k":["hello"],"v":[{"t":1,"s":"world"}],"s":1},"o":3}},"f":31,"m":[]}"`;

exports[`frozen object > toJSONAsync > supports Symbol.asyncIterator 1`] = `"{"t":{"t":10,"i":0,"p":{"k":[{"t":17,"i":1,"s":0}],"v":[{"t":30,"a":[{"t":29,"i":2,"a":[{"t":26,"i":3,"s":1},{"t":4,"i":1}]},{"t":31,"i":4,"a":[{"t":32,"i":4,"f":{"t":0,"s":1}},{"t":32,"i":4,"f":{"t":0,"s":2}},{"t":32,"i":4,"f":{"t":0,"s":3}},{"t":34,"i":4,"f":{"t":2,"s":1}}],"f":{"t":26,"i":5,"s":4}}]}],"s":1},"o":3},"f":31,"m":[1,4]}"`;

exports[`frozen object > toJSONAsync > supports Symbol.iterator 1`] = `"{"t":{"t":12,"i":0,"s":1,"f":{"t":10,"i":1,"p":{"k":[{"t":17,"i":2,"s":3}],"v":[{"t":28,"a":[{"t":27,"i":3,"f":{"t":4,"i":2}},{"t":10,"i":4,"p":{"k":["v","t","d"],"v":[{"t":9,"i":5,"l":4,"a":[{"t":0,"s":1},{"t":0,"s":2},{"t":0,"s":3},{"t":2,"s":1}],"o":0},{"t":0,"s":-1},{"t":0,"s":3}],"s":3},"o":0}]}],"s":1},"o":3}},"f":31,"m":[2]}"`;

exports[`frozen object > toJSONAsync > supports self-recursion 1`] = `"{"t":{"t":10,"i":0,"p":{"k":["a","b"],"v":[{"t":12,"i":1,"s":1,"f":{"t":4,"i":0}},{"t":12,"i":2,"s":1,"f":{"t":4,"i":0}}],"s":2},"o":3},"f":31,"m":[0]}"`;
