// Vitest Snapshot v1

exports[`mutual cyclic references > serialize > supports Arrays and Arrays 1`] = `"((h,j,k)=>(k=[h=[j=[,]],j],j[0]=h,k))()"`;

exports[`mutual cyclic references > serialize > supports Arrays and Objects 1`] = `"((h,j,k)=>(k=[h=[j={}],j],j[0]=h,k))()"`;

exports[`mutual cyclic references > serialize > supports Objects and Objects 1`] = `"((h,j,k)=>(k=[h={0:j={}},j],j[0]=h,k))()"`;

exports[`mutual cyclic references > serializeAsync > supports Arrays and Arrays 1`] = `"((h,j)=>([h=[Promise.resolve(j=[Promise.resolve().then(()=>h)])],j]))()"`;

exports[`mutual cyclic references > serializeAsync > supports Arrays and Objects 1`] = `"((h,j)=>([h=[Promise.resolve(j={0:Promise.resolve().then(()=>h)})],j]))()"`;

exports[`mutual cyclic references > serializeAsync > supports Objects and Objects 1`] = `"((h,j)=>([h={0:Promise.resolve(j={0:Promise.resolve().then(()=>h)})},j]))()"`;

exports[`mutual cyclic references > toJSON > supports Arrays and Arrays 1`] = `"{\\"t\\":{\\"t\\":15,\\"i\\":0,\\"l\\":2,\\"a\\":[{\\"t\\":15,\\"i\\":1,\\"l\\":1,\\"a\\":[{\\"t\\":15,\\"i\\":2,\\"l\\":1,\\"a\\":[{\\"t\\":10,\\"i\\":1}]}]},{\\"t\\":10,\\"i\\":2}]},\\"r\\":0,\\"i\\":false,\\"f\\":8191,\\"m\\":[1,2]}"`;

exports[`mutual cyclic references > toJSON > supports Arrays and Objects 1`] = `"{\\"t\\":{\\"t\\":15,\\"i\\":0,\\"l\\":2,\\"a\\":[{\\"t\\":15,\\"i\\":1,\\"l\\":1,\\"a\\":[{\\"t\\":16,\\"i\\":2,\\"d\\":{\\"k\\":[\\"0\\"],\\"v\\":[{\\"t\\":10,\\"i\\":1}],\\"s\\":1}}]},{\\"t\\":10,\\"i\\":2}]},\\"r\\":0,\\"i\\":false,\\"f\\":8191,\\"m\\":[1,2]}"`;

exports[`mutual cyclic references > toJSON > supports Objects and Objects 1`] = `"{\\"t\\":{\\"t\\":15,\\"i\\":0,\\"l\\":2,\\"a\\":[{\\"t\\":16,\\"i\\":1,\\"d\\":{\\"k\\":[\\"0\\"],\\"v\\":[{\\"t\\":16,\\"i\\":2,\\"d\\":{\\"k\\":[\\"0\\"],\\"v\\":[{\\"t\\":10,\\"i\\":1}],\\"s\\":1}}],\\"s\\":1}},{\\"t\\":10,\\"i\\":2}]},\\"r\\":0,\\"i\\":false,\\"f\\":8191,\\"m\\":[1,2]}"`;

exports[`mutual cyclic references > toJSONAsync > supports Arrays and Arrays 1`] = `"{\\"t\\":{\\"t\\":15,\\"i\\":0,\\"l\\":2,\\"a\\":[{\\"t\\":15,\\"i\\":1,\\"l\\":1,\\"a\\":[{\\"t\\":18,\\"i\\":2,\\"f\\":{\\"t\\":15,\\"i\\":3,\\"l\\":1,\\"a\\":[{\\"t\\":18,\\"i\\":4,\\"f\\":{\\"t\\":10,\\"i\\":1}}]}}]},{\\"t\\":10,\\"i\\":3}]},\\"r\\":0,\\"i\\":false,\\"f\\":8191,\\"m\\":[1,3]}"`;

exports[`mutual cyclic references > toJSONAsync > supports Arrays and Objects 1`] = `"{\\"t\\":{\\"t\\":15,\\"i\\":0,\\"l\\":2,\\"a\\":[{\\"t\\":15,\\"i\\":1,\\"l\\":1,\\"a\\":[{\\"t\\":18,\\"i\\":2,\\"f\\":{\\"t\\":16,\\"i\\":3,\\"d\\":{\\"k\\":[\\"0\\"],\\"v\\":[{\\"t\\":18,\\"i\\":4,\\"f\\":{\\"t\\":10,\\"i\\":1}}],\\"s\\":1}}}]},{\\"t\\":10,\\"i\\":3}]},\\"r\\":0,\\"i\\":false,\\"f\\":8191,\\"m\\":[1,3]}"`;

exports[`mutual cyclic references > toJSONAsync > supports Objects and Objects 1`] = `"{\\"t\\":{\\"t\\":15,\\"i\\":0,\\"l\\":2,\\"a\\":[{\\"t\\":16,\\"i\\":1,\\"d\\":{\\"k\\":[\\"0\\"],\\"v\\":[{\\"t\\":18,\\"i\\":2,\\"f\\":{\\"t\\":16,\\"i\\":3,\\"d\\":{\\"k\\":[\\"0\\"],\\"v\\":[{\\"t\\":18,\\"i\\":4,\\"f\\":{\\"t\\":10,\\"i\\":1}}],\\"s\\":1}}}],\\"s\\":1}},{\\"t\\":10,\\"i\\":3}]},\\"r\\":0,\\"i\\":false,\\"f\\":8191,\\"m\\":[1,3]}"`;
