// Vitest Snapshot v1

exports[`null-constructor > compat > should use manual assignment instead of Object.assign 1`] = `"(h=>((h=Object.create(null),h.hello=\\"world\\",h)))()"`;

exports[`null-constructor > compat#toJSON > should use manual assignment instead of Object.assign 1`] = `"{\\"t\\":{\\"t\\":17,\\"i\\":0,\\"d\\":{\\"k\\":[\\"hello\\"],\\"v\\":[{\\"t\\":1,\\"s\\":\\"world\\"}],\\"s\\":1}},\\"r\\":0,\\"i\\":false,\\"f\\":8063,\\"m\\":[]}"`;

exports[`null-constructor > compat#toJSON > should use manual assignment instead of Object.assign 2`] = `"(h=>((h=Object.create(null),h.hello=\\"world\\",h)))()"`;

exports[`null-constructor > serialize > supports Object.create(null) 1`] = `"Object.assign(Object.create(null),{hello:\\"world\\"})"`;

exports[`null-constructor > serializeAsync > supports Object.create(null) 1`] = `"Object.assign(Object.create(null),{hello:\\"world\\"})"`;

exports[`null-constructor > toJSON > supports Object.create(null) 1`] = `"{\\"t\\":{\\"t\\":17,\\"i\\":0,\\"d\\":{\\"k\\":[\\"hello\\"],\\"v\\":[{\\"t\\":1,\\"s\\":\\"world\\"}],\\"s\\":1}},\\"r\\":0,\\"i\\":false,\\"f\\":8191,\\"m\\":[]}"`;

exports[`null-constructor > toJSONAsync > supports Object.create(null) 1`] = `"{\\"t\\":{\\"t\\":17,\\"i\\":0,\\"d\\":{\\"k\\":[\\"hello\\"],\\"v\\":[{\\"t\\":1,\\"s\\":\\"world\\"}],\\"s\\":1}},\\"r\\":0,\\"i\\":false,\\"f\\":8191,\\"m\\":[]}"`;
