// Vitest Snapshot v1

exports[`objects > serialize > supports Objects 1`] = `"({hello:\\"world\\"})"`;

exports[`objects > serialize > supports self-recursion 1`] = `"(h=>(h={},h.b=h.a=h,h))()"`;

exports[`objects > serializeAsync > supports Objects 1`] = `"Promise.resolve({hello:\\"world\\"})"`;

exports[`objects > serializeAsync > supports self-recursion 1`] = `"(h=>(h={a:Promise.resolve().then(()=>h),b:Promise.resolve().then(()=>h)}))()"`;

exports[`objects > toJSON > supports Objects 1`] = `"{\\"t\\":{\\"t\\":16,\\"i\\":0,\\"d\\":{\\"k\\":[\\"hello\\"],\\"v\\":[{\\"t\\":1,\\"s\\":\\"world\\"}],\\"s\\":1}},\\"r\\":0,\\"i\\":true,\\"f\\":8191,\\"m\\":[]}"`;

exports[`objects > toJSON > supports self-recursion 1`] = `"{\\"t\\":{\\"t\\":16,\\"i\\":0,\\"d\\":{\\"k\\":[\\"a\\",\\"b\\"],\\"v\\":[{\\"t\\":10,\\"i\\":0},{\\"t\\":10,\\"i\\":0}],\\"s\\":2}},\\"r\\":0,\\"i\\":true,\\"f\\":8191,\\"m\\":[0]}"`;

exports[`objects > toJSONAsync > supports Objects 1`] = `"{\\"t\\":{\\"t\\":18,\\"i\\":0,\\"f\\":{\\"t\\":16,\\"i\\":1,\\"d\\":{\\"k\\":[\\"hello\\"],\\"v\\":[{\\"t\\":1,\\"s\\":\\"world\\"}],\\"s\\":1}}},\\"r\\":0,\\"i\\":false,\\"f\\":8191,\\"m\\":[]}"`;

exports[`objects > toJSONAsync > supports self-recursion 1`] = `"{\\"t\\":{\\"t\\":16,\\"i\\":0,\\"d\\":{\\"k\\":[\\"a\\",\\"b\\"],\\"v\\":[{\\"t\\":18,\\"i\\":1,\\"f\\":{\\"t\\":10,\\"i\\":0}},{\\"t\\":18,\\"i\\":2,\\"f\\":{\\"t\\":10,\\"i\\":0}}],\\"s\\":2}},\\"r\\":0,\\"i\\":true,\\"f\\":8191,\\"m\\":[0]}"`;
