// Vitest Snapshot v1

exports[`Set > compat > should throw an error for unsupported target 1`] = `"Unsupported type \\"Set\\""`;

exports[`Set > compat#toJSON > should throw an error for unsupported target 1`] = `"Unsupported type \\"Set\\""`;

exports[`Set > serialize > supports Set 1`] = `"new Set([1,2,3])"`;

exports[`Set > serialize > supports self-recursion 1`] = `"(h=>(h=new Set,h.add(h),h))()"`;

exports[`Set > serializeAsync > supports Set 1`] = `"Promise.resolve(new Set([1,2,3]))"`;

exports[`Set > serializeAsync > supports self-recursion 1`] = `"(h=>(h=new Set([Promise.resolve().then(()=>h)])))()"`;

exports[`Set > toJSON > supports Set 1`] = `"{\\"t\\":{\\"t\\":13,\\"i\\":0,\\"l\\":3,\\"a\\":[{\\"t\\":0,\\"s\\":1},{\\"t\\":0,\\"s\\":2},{\\"t\\":0,\\"s\\":3}]},\\"r\\":0,\\"i\\":false,\\"f\\":8191,\\"m\\":[]}"`;

exports[`Set > toJSON > supports self-recursion 1`] = `"{\\"t\\":{\\"t\\":13,\\"i\\":0,\\"l\\":1,\\"a\\":[{\\"t\\":10,\\"i\\":0}]},\\"r\\":0,\\"i\\":false,\\"f\\":8191,\\"m\\":[0]}"`;

exports[`Set > toJSONAsync > supports Set 1`] = `"{\\"t\\":{\\"t\\":18,\\"i\\":0,\\"f\\":{\\"t\\":13,\\"i\\":1,\\"l\\":3,\\"a\\":[{\\"t\\":0,\\"s\\":1},{\\"t\\":0,\\"s\\":2},{\\"t\\":0,\\"s\\":3}]}},\\"r\\":0,\\"i\\":false,\\"f\\":8191,\\"m\\":[]}"`;

exports[`Set > toJSONAsync > supports self-recursion 1`] = `"{\\"t\\":{\\"t\\":13,\\"i\\":0,\\"l\\":1,\\"a\\":[{\\"t\\":18,\\"i\\":1,\\"f\\":{\\"t\\":10,\\"i\\":0}}]},\\"r\\":0,\\"i\\":false,\\"f\\":8191,\\"m\\":[0]}"`;
