// Vitest Snapshot v1, https://vitest.dev/guide/snapshot.html

exports[`sparse arrays > crossSerialize > scoped > supports sparse arrays 1`] = `"($R=>$R[0]=[,,,,,,,,,,])($R["example"])"`;

exports[`sparse arrays > crossSerialize > supports sparse arrays 1`] = `"$R[0]=[,,,,,,,,,,]"`;

exports[`sparse arrays > crossSerializeAsync > scoped > supports sparse arrays 1`] = `"($R=>$R[0]=Promise.resolve($R[1]=[,,,,,,,,,,]))($R["example"])"`;

exports[`sparse arrays > crossSerializeAsync > supports sparse arrays 1`] = `"$R[0]=Promise.resolve($R[1]=[,,,,,,,,,,])"`;

exports[`sparse arrays > crossSerializeStream > scoped > supports sparse arrays 1`] = `"($R=>$R[0]=($R[1]=(s,f,p)=>((p=new Promise((a,b)=>{s=a,f=b})).s=s,p.f=f,p))())($R["example"])"`;

exports[`sparse arrays > crossSerializeStream > scoped > supports sparse arrays 2`] = `"($R=>($R[3]=(p,d)=>{p.s(d),p.status="success",p.value=d;delete p.s;delete p.f})($R[0],$R[2]=[,,,,,,,,,,]))($R["example"])"`;

exports[`sparse arrays > crossSerializeStream > supports sparse arrays 1`] = `"$R[0]=($R[1]=(s,f,p)=>((p=new Promise((a,b)=>{s=a,f=b})).s=s,p.f=f,p))()"`;

exports[`sparse arrays > crossSerializeStream > supports sparse arrays 2`] = `"($R[3]=(p,d)=>{p.s(d),p.status="success",p.value=d;delete p.s;delete p.f})($R[0],$R[2]=[,,,,,,,,,,])"`;

exports[`sparse arrays > serialize > supports sparse arrays 1`] = `"[,,,,,,,,,,]"`;

exports[`sparse arrays > serializeAsync > supports sparse arrays 1`] = `"Promise.resolve([,,,,,,,,,,])"`;

exports[`sparse arrays > toCrossJSON > supports sparse arrays 1`] = `"{"t":9,"i":0,"l":10,"a":[],"o":0}"`;

exports[`sparse arrays > toCrossJSONAsync > supports sparse arrays 1`] = `"{"t":12,"i":0,"s":1,"f":{"t":9,"i":1,"l":10,"a":[],"o":0}}"`;

exports[`sparse arrays > toCrossJSONStream > supports sparse arrays 1`] = `"{"t":28,"i":0,"f":{"t":41,"i":1,"s":2}}"`;

exports[`sparse arrays > toCrossJSONStream > supports sparse arrays 2`] = `"{"t":29,"i":0,"a":[{"t":41,"i":3,"s":3},{"t":9,"i":2,"l":10,"a":[],"o":0}]}"`;

exports[`sparse arrays > toJSON > supports sparse arrays 1`] = `"{"t":{"t":9,"i":0,"l":10,"a":[],"o":0},"f":16383,"m":[]}"`;

exports[`sparse arrays > toJSONAsync > supports sparse arrays 1`] = `"{"t":{"t":12,"i":0,"s":1,"f":{"t":9,"i":1,"l":10,"a":[],"o":0}},"f":16383,"m":[]}"`;
