// Vitest Snapshot v1

exports[`typed arrays > serialize > supports typed arrays 1`] = `"new Uint32Array(new Uint8Array([255,255,255,255,255,255,255,255,255,255,255,255,255,255,255,255]).buffer)"`;

exports[`typed arrays > serializeAsync > supports typed arrays 1`] = `"Promise.resolve(new Uint32Array(new Uint8Array([255,255,255,255,255,255,255,255,255,255,255,255,255,255,255,255]).buffer))"`;

exports[`typed arrays > toJSON > supports typed arrays 1`] = `"{\\"t\\":{\\"t\\":22,\\"i\\":0,\\"l\\":0,\\"c\\":\\"Uint32Array\\",\\"f\\":{\\"t\\":28,\\"i\\":1,\\"s\\":[255,255,255,255,255,255,255,255,255,255,255,255,255,255,255,255]}},\\"r\\":0,\\"i\\":false,\\"f\\":16383,\\"m\\":[]}"`;

exports[`typed arrays > toJSONAsync > supports typed arrays 1`] = `"{\\"t\\":{\\"t\\":18,\\"i\\":0,\\"f\\":{\\"t\\":22,\\"i\\":1,\\"l\\":0,\\"c\\":\\"Uint32Array\\",\\"f\\":{\\"t\\":28,\\"i\\":2,\\"s\\":[255,255,255,255,255,255,255,255,255,255,255,255,255,255,255,255]}}},\\"r\\":0,\\"i\\":false,\\"f\\":16383,\\"m\\":[]}"`;
