// Vitest Snapshot v1

exports[`well-known symbols > serialize > supports strings 1`] = `"Symbol.asyncIterator"`;

exports[`well-known symbols > serialize > supports strings 2`] = `"Symbol.hasInstance"`;

exports[`well-known symbols > serialize > supports strings 3`] = `"Symbol.isConcatSpreadable"`;

exports[`well-known symbols > serialize > supports strings 4`] = `"Symbol.iterator"`;

exports[`well-known symbols > serialize > supports strings 5`] = `"Symbol.match"`;

exports[`well-known symbols > serialize > supports strings 6`] = `"Symbol.matchAll"`;

exports[`well-known symbols > serialize > supports strings 7`] = `"Symbol.replace"`;

exports[`well-known symbols > serialize > supports strings 8`] = `"Symbol.search"`;

exports[`well-known symbols > serialize > supports strings 9`] = `"Symbol.species"`;

exports[`well-known symbols > serialize > supports strings 10`] = `"Symbol.split"`;

exports[`well-known symbols > serialize > supports strings 11`] = `"Symbol.toPrimitive"`;

exports[`well-known symbols > serialize > supports strings 12`] = `"Symbol.toStringTag"`;

exports[`well-known symbols > serialize > supports strings 13`] = `"Symbol.unscopables"`;

exports[`well-known symbols > serializeAsync > supports strings 1`] = `"Promise.resolve(Symbol.asyncIterator)"`;

exports[`well-known symbols > serializeAsync > supports strings 2`] = `"Promise.resolve(Symbol.hasInstance)"`;

exports[`well-known symbols > serializeAsync > supports strings 3`] = `"Promise.resolve(Symbol.isConcatSpreadable)"`;

exports[`well-known symbols > serializeAsync > supports strings 4`] = `"Promise.resolve(Symbol.iterator)"`;

exports[`well-known symbols > serializeAsync > supports strings 5`] = `"Promise.resolve(Symbol.match)"`;

exports[`well-known symbols > serializeAsync > supports strings 6`] = `"Promise.resolve(Symbol.matchAll)"`;

exports[`well-known symbols > serializeAsync > supports strings 7`] = `"Promise.resolve(Symbol.replace)"`;

exports[`well-known symbols > serializeAsync > supports strings 8`] = `"Promise.resolve(Symbol.search)"`;

exports[`well-known symbols > serializeAsync > supports strings 9`] = `"Promise.resolve(Symbol.species)"`;

exports[`well-known symbols > serializeAsync > supports strings 10`] = `"Promise.resolve(Symbol.split)"`;

exports[`well-known symbols > serializeAsync > supports strings 11`] = `"Promise.resolve(Symbol.toPrimitive)"`;

exports[`well-known symbols > serializeAsync > supports strings 12`] = `"Promise.resolve(Symbol.toStringTag)"`;

exports[`well-known symbols > serializeAsync > supports strings 13`] = `"Promise.resolve(Symbol.unscopables)"`;

exports[`well-known symbols > toJSON > supports strings 1`] = `"{\\"t\\":{\\"t\\":24,\\"s\\":0},\\"r\\":0,\\"i\\":false,\\"f\\":8191,\\"m\\":[]}"`;

exports[`well-known symbols > toJSON > supports strings 2`] = `"{\\"t\\":{\\"t\\":24,\\"s\\":1},\\"r\\":0,\\"i\\":false,\\"f\\":8191,\\"m\\":[]}"`;

exports[`well-known symbols > toJSON > supports strings 3`] = `"{\\"t\\":{\\"t\\":24,\\"s\\":2},\\"r\\":0,\\"i\\":false,\\"f\\":8191,\\"m\\":[]}"`;

exports[`well-known symbols > toJSON > supports strings 4`] = `"{\\"t\\":{\\"t\\":24,\\"s\\":3},\\"r\\":0,\\"i\\":false,\\"f\\":8191,\\"m\\":[]}"`;

exports[`well-known symbols > toJSON > supports strings 5`] = `"{\\"t\\":{\\"t\\":24,\\"s\\":4},\\"r\\":0,\\"i\\":false,\\"f\\":8191,\\"m\\":[]}"`;

exports[`well-known symbols > toJSON > supports strings 6`] = `"{\\"t\\":{\\"t\\":24,\\"s\\":5},\\"r\\":0,\\"i\\":false,\\"f\\":8191,\\"m\\":[]}"`;

exports[`well-known symbols > toJSON > supports strings 7`] = `"{\\"t\\":{\\"t\\":24,\\"s\\":6},\\"r\\":0,\\"i\\":false,\\"f\\":8191,\\"m\\":[]}"`;

exports[`well-known symbols > toJSON > supports strings 8`] = `"{\\"t\\":{\\"t\\":24,\\"s\\":7},\\"r\\":0,\\"i\\":false,\\"f\\":8191,\\"m\\":[]}"`;

exports[`well-known symbols > toJSON > supports strings 9`] = `"{\\"t\\":{\\"t\\":24,\\"s\\":8},\\"r\\":0,\\"i\\":false,\\"f\\":8191,\\"m\\":[]}"`;

exports[`well-known symbols > toJSON > supports strings 10`] = `"{\\"t\\":{\\"t\\":24,\\"s\\":9},\\"r\\":0,\\"i\\":false,\\"f\\":8191,\\"m\\":[]}"`;

exports[`well-known symbols > toJSON > supports strings 11`] = `"{\\"t\\":{\\"t\\":24,\\"s\\":10},\\"r\\":0,\\"i\\":false,\\"f\\":8191,\\"m\\":[]}"`;

exports[`well-known symbols > toJSON > supports strings 12`] = `"{\\"t\\":{\\"t\\":24,\\"s\\":11},\\"r\\":0,\\"i\\":false,\\"f\\":8191,\\"m\\":[]}"`;

exports[`well-known symbols > toJSON > supports strings 13`] = `"{\\"t\\":{\\"t\\":24,\\"s\\":12},\\"r\\":0,\\"i\\":false,\\"f\\":8191,\\"m\\":[]}"`;

exports[`well-known symbols > toJSONAsync > supports strings 1`] = `"{\\"t\\":{\\"t\\":18,\\"i\\":0,\\"f\\":{\\"t\\":24,\\"s\\":0}},\\"r\\":0,\\"i\\":false,\\"f\\":8191,\\"m\\":[]}"`;

exports[`well-known symbols > toJSONAsync > supports strings 2`] = `"{\\"t\\":{\\"t\\":18,\\"i\\":0,\\"f\\":{\\"t\\":24,\\"s\\":1}},\\"r\\":0,\\"i\\":false,\\"f\\":8191,\\"m\\":[]}"`;

exports[`well-known symbols > toJSONAsync > supports strings 3`] = `"{\\"t\\":{\\"t\\":18,\\"i\\":0,\\"f\\":{\\"t\\":24,\\"s\\":2}},\\"r\\":0,\\"i\\":false,\\"f\\":8191,\\"m\\":[]}"`;

exports[`well-known symbols > toJSONAsync > supports strings 4`] = `"{\\"t\\":{\\"t\\":18,\\"i\\":0,\\"f\\":{\\"t\\":24,\\"s\\":3}},\\"r\\":0,\\"i\\":false,\\"f\\":8191,\\"m\\":[]}"`;

exports[`well-known symbols > toJSONAsync > supports strings 5`] = `"{\\"t\\":{\\"t\\":18,\\"i\\":0,\\"f\\":{\\"t\\":24,\\"s\\":4}},\\"r\\":0,\\"i\\":false,\\"f\\":8191,\\"m\\":[]}"`;

exports[`well-known symbols > toJSONAsync > supports strings 6`] = `"{\\"t\\":{\\"t\\":18,\\"i\\":0,\\"f\\":{\\"t\\":24,\\"s\\":5}},\\"r\\":0,\\"i\\":false,\\"f\\":8191,\\"m\\":[]}"`;

exports[`well-known symbols > toJSONAsync > supports strings 7`] = `"{\\"t\\":{\\"t\\":18,\\"i\\":0,\\"f\\":{\\"t\\":24,\\"s\\":6}},\\"r\\":0,\\"i\\":false,\\"f\\":8191,\\"m\\":[]}"`;

exports[`well-known symbols > toJSONAsync > supports strings 8`] = `"{\\"t\\":{\\"t\\":18,\\"i\\":0,\\"f\\":{\\"t\\":24,\\"s\\":7}},\\"r\\":0,\\"i\\":false,\\"f\\":8191,\\"m\\":[]}"`;

exports[`well-known symbols > toJSONAsync > supports strings 9`] = `"{\\"t\\":{\\"t\\":18,\\"i\\":0,\\"f\\":{\\"t\\":24,\\"s\\":8}},\\"r\\":0,\\"i\\":false,\\"f\\":8191,\\"m\\":[]}"`;

exports[`well-known symbols > toJSONAsync > supports strings 10`] = `"{\\"t\\":{\\"t\\":18,\\"i\\":0,\\"f\\":{\\"t\\":24,\\"s\\":9}},\\"r\\":0,\\"i\\":false,\\"f\\":8191,\\"m\\":[]}"`;

exports[`well-known symbols > toJSONAsync > supports strings 11`] = `"{\\"t\\":{\\"t\\":18,\\"i\\":0,\\"f\\":{\\"t\\":24,\\"s\\":10}},\\"r\\":0,\\"i\\":false,\\"f\\":8191,\\"m\\":[]}"`;

exports[`well-known symbols > toJSONAsync > supports strings 12`] = `"{\\"t\\":{\\"t\\":18,\\"i\\":0,\\"f\\":{\\"t\\":24,\\"s\\":11}},\\"r\\":0,\\"i\\":false,\\"f\\":8191,\\"m\\":[]}"`;

exports[`well-known symbols > toJSONAsync > supports strings 13`] = `"{\\"t\\":{\\"t\\":18,\\"i\\":0,\\"f\\":{\\"t\\":24,\\"s\\":12}},\\"r\\":0,\\"i\\":false,\\"f\\":8191,\\"m\\":[]}"`;
